Archive member included to satisfy reference by file (symbol)

../Middlewares/ST/AI/AI/lib\network_runtime.a(ai_platform_interface.o)
                              Middlewares\ST\AI\AI\src\network.o (ai_platform_api_get_version)
../Middlewares/ST/AI/AI/lib\network_runtime.a(core_common.o)
                              ../Middlewares/ST/AI/AI/lib\network_runtime.a(ai_platform_interface.o) (core_get_error)
../Middlewares/ST/AI/AI/lib\network_runtime.a(layers.o)
                              ../Middlewares/ST/AI/AI/lib\network_runtime.a(ai_platform_interface.o) (ai_check_custom_types)
../Middlewares/ST/AI/AI/lib\network_runtime.a(layers_conv2d_generic_float.o)
                              Middlewares\ST\AI\AI\src\network.o (forward_conv2d)
../Middlewares/ST/AI/AI/lib\network_runtime.a(layers_nl_generic_float.o)
                              Middlewares\ST\AI\AI\src\network.o (forward_relu)
../Middlewares/ST/AI/AI/lib\network_runtime.a(layers_pool_generic_float.o)
                              Middlewares\ST\AI\AI\src\network.o (pool_func_mp_array_f32)
../Middlewares/ST/AI/AI/lib\network_runtime.a(ai_math_helpers.o)
                              ../Middlewares/ST/AI/AI/lib\network_runtime.a(layers_conv2d_generic_float.o) (ai_math_dot_array)
c:/program files (x86)/atollic/truestudio for stm32 9.3.0/armtools/bin/../lib/gcc/arm-atollic-eabi/6.3.1/../../../../arm-atollic-eabi/lib/armv7e-m/fpu\libc_nano.a(lib_a-aeabi_memcpy.o)
                              ../Middlewares/ST/AI/AI/lib\network_runtime.a(ai_platform_interface.o) (__aeabi_memcpy)
c:/program files (x86)/atollic/truestudio for stm32 9.3.0/armtools/bin/../lib/gcc/arm-atollic-eabi/6.3.1/../../../../arm-atollic-eabi/lib/armv7e-m/fpu\libc_nano.a(lib_a-errno.o)
                              Src\syscalls.o (__errno)
c:/program files (x86)/atollic/truestudio for stm32 9.3.0/armtools/bin/../lib/gcc/arm-atollic-eabi/6.3.1/../../../../arm-atollic-eabi/lib/armv7e-m/fpu\libc_nano.a(lib_a-impure.o)
                              c:/program files (x86)/atollic/truestudio for stm32 9.3.0/armtools/bin/../lib/gcc/arm-atollic-eabi/6.3.1/../../../../arm-atollic-eabi/lib/armv7e-m/fpu\libc_nano.a(lib_a-errno.o) (_impure_ptr)
c:/program files (x86)/atollic/truestudio for stm32 9.3.0/armtools/bin/../lib/gcc/arm-atollic-eabi/6.3.1/../../../../arm-atollic-eabi/lib/armv7e-m/fpu\libc_nano.a(lib_a-init.o)
                              startup\startup_stm32f429xx.o (__libc_init_array)
c:/program files (x86)/atollic/truestudio for stm32 9.3.0/armtools/bin/../lib/gcc/arm-atollic-eabi/6.3.1/../../../../arm-atollic-eabi/lib/armv7e-m/fpu\libc_nano.a(lib_a-memcmp.o)
                              ../Middlewares/ST/AI/AI/lib\network_runtime.a(layers.o) (memcmp)
c:/program files (x86)/atollic/truestudio for stm32 9.3.0/armtools/bin/../lib/gcc/arm-atollic-eabi/6.3.1/../../../../arm-atollic-eabi/lib/armv7e-m/fpu\libc_nano.a(lib_a-memcpy-stub.o)
                              Middlewares\ST\AI\AI\src\network.o (memcpy)
c:/program files (x86)/atollic/truestudio for stm32 9.3.0/armtools/bin/../lib/gcc/arm-atollic-eabi/6.3.1/../../../../arm-atollic-eabi/lib/armv7e-m/fpu\libc_nano.a(lib_a-memset.o)
                              Src\app_x-cube-ai.o (memset)
c:/program files (x86)/atollic/truestudio for stm32 9.3.0/armtools/bin/../lib/gcc/arm-atollic-eabi/6.3.1/../../../../arm-atollic-eabi/lib/armv7e-m/fpu\libc_nano.a(lib_a-printf.o)
                              Src\main.o (printf)
c:/program files (x86)/atollic/truestudio for stm32 9.3.0/armtools/bin/../lib/gcc/arm-atollic-eabi/6.3.1/../../../../arm-atollic-eabi/lib/armv7e-m/fpu\libc_nano.a(lib_a-puts.o)
                              Src\main.o (puts)
c:/program files (x86)/atollic/truestudio for stm32 9.3.0/armtools/bin/../lib/gcc/arm-atollic-eabi/6.3.1/../../../../arm-atollic-eabi/lib/armv7e-m/fpu\libc_nano.a(lib_a-sprintf.o)
                              Src\main.o (sprintf)
c:/program files (x86)/atollic/truestudio for stm32 9.3.0/armtools/bin/../lib/gcc/arm-atollic-eabi/6.3.1/../../../../arm-atollic-eabi/lib/armv7e-m/fpu\libc_nano.a(lib_a-strcpy.o)
                              Src\main.o (strcpy)
c:/program files (x86)/atollic/truestudio for stm32 9.3.0/armtools/bin/../lib/gcc/arm-atollic-eabi/6.3.1/../../../../arm-atollic-eabi/lib/armv7e-m/fpu\libc_nano.a(lib_a-strlen.o)
                              Src\app_x-cube-ai.o (strlen)
c:/program files (x86)/atollic/truestudio for stm32 9.3.0/armtools/bin/../lib/gcc/arm-atollic-eabi/6.3.1/../../../../arm-atollic-eabi/lib/armv7e-m/fpu\libc_nano.a(lib_a-strncmp.o)
                              Src\app_x-cube-ai.o (strncmp)
c:/program files (x86)/atollic/truestudio for stm32 9.3.0/armtools/bin/../lib/gcc/arm-atollic-eabi/6.3.1/../../../../arm-atollic-eabi/lib/armv7e-m/fpu\libc_nano.a(lib_a-wbuf.o)
[...]
Memory Configuration

Name             Origin             Length             Attributes
RAM              0x20000000         0x00030000         xrw
CCMRAM           0x10000000         0x00010000         rw
FLASH            0x08000000         0x00200000         xr
*default*        0x00000000         0xffffffff

Linker script and memory map

LOAD c:/program files (x86)/atollic/truestudio for stm32 9.3.0/armtools/bin/../lib/gcc/arm-atollic-eabi/6.3.1/armv7e-m/fpu/crti.o
LOAD c:/program files (x86)/atollic/truestudio for stm32 9.3.0/armtools/bin/../lib/gcc/arm-atollic-eabi/6.3.1/armv7e-m/fpu/crtbegin.o
LOAD Drivers\BSP\Components\ili9341.o
LOAD Drivers\BSP\Components\stmpe811.o
LOAD Drivers\BSP\STM32F429I_DISCO\stm32f429i_discovery.o
LOAD Drivers\BSP\STM32F429I_DISCO\stm32f429i_discovery_io.o
LOAD Drivers\BSP\STM32F429I_DISCO\stm32f429i_discovery_lcd.o
LOAD Drivers\BSP\STM32F429I_DISCO\stm32f429i_discovery_sdram.o
LOAD Drivers\BSP\STM32F429I_DISCO\stm32f429i_discovery_ts.o
LOAD Drivers\CMSIS\DSP\Source\BasicMathFunctions\arm_dot_prod_f32.o
LOAD Drivers\STM32F4xx_HAL_Driver\Src\stm32f4xx_hal.o
LOAD Drivers\STM32F4xx_HAL_Driver\Src\stm32f4xx_hal_cortex.o
LOAD Drivers\STM32F4xx_HAL_Driver\Src\stm32f4xx_hal_crc.o
LOAD Drivers\STM32F4xx_HAL_Driver\Src\stm32f4xx_hal_dma.o
LOAD Drivers\STM32F4xx_HAL_Driver\Src\stm32f4xx_hal_dma2d.o
LOAD Drivers\STM32F4xx_HAL_Driver\Src\stm32f4xx_hal_dma_ex.o
LOAD Drivers\STM32F4xx_HAL_Driver\Src\stm32f4xx_hal_dsi.o
LOAD Drivers\STM32F4xx_HAL_Driver\Src\stm32f4xx_hal_exti.o
LOAD Drivers\STM32F4xx_HAL_Driver\Src\stm32f4xx_hal_flash.o
LOAD Drivers\STM32F4xx_HAL_Driver\Src\stm32f4xx_hal_flash_ex.o
LOAD Drivers\STM32F4xx_HAL_Driver\Src\stm32f4xx_hal_flash_ramfunc.o
LOAD Drivers\STM32F4xx_HAL_Driver\Src\stm32f4xx_hal_gpio.o
LOAD Drivers\STM32F4xx_HAL_Driver\Src\stm32f4xx_hal_i2c.o
LOAD Drivers\STM32F4xx_HAL_Driver\Src\stm32f4xx_hal_i2c_ex.o
LOAD Drivers\STM32F4xx_HAL_Driver\Src\stm32f4xx_hal_ltdc.o
LOAD Drivers\STM32F4xx_HAL_Driver\Src\stm32f4xx_hal_ltdc_ex.o
LOAD Drivers\STM32F4xx_HAL_Driver\Src\stm32f4xx_hal_pwr.o
LOAD Drivers\STM32F4xx_HAL_Driver\Src\stm32f4xx_hal_pwr_ex.o
LOAD Drivers\STM32F4xx_HAL_Driver\Src\stm32f4xx_hal_rcc.o
LOAD Drivers\STM32F4xx_HAL_Driver\Src\stm32f4xx_hal_rcc_ex.o
LOAD Drivers\STM32F4xx_HAL_Driver\Src\stm32f4xx_hal_sdram.o
LOAD Drivers\STM32F4xx_HAL_Driver\Src\stm32f4xx_hal_spi.o
LOAD Drivers\STM32F4xx_HAL_Driver\Src\stm32f4xx_hal_tim.o
LOAD Drivers\STM32F4xx_HAL_Driver\Src\stm32f4xx_hal_tim_ex.o
LOAD Drivers\STM32F4xx_HAL_Driver\Src\stm32f4xx_hal_uart.o
LOAD Drivers\STM32F4xx_HAL_Driver\Src\stm32f4xx_ll_fmc.o
LOAD Drivers\Utilities\Fonts\font12.o
LOAD Drivers\Utilities\Fonts\font16.o
LOAD Drivers\Utilities\Fonts\font20.o
LOAD Drivers\Utilities\Fonts\font24.o
LOAD Drivers\Utilities\Fonts\font8.o
LOAD Middlewares\ST\AI\AI\data\network_data.o
LOAD Middlewares\ST\AI\AI\src\network.o
LOAD Src\app_x-cube-ai.o
LOAD Src\crc.o
LOAD Src\dma2d.o
LOAD Src\fmc.o
LOAD Src\global.o
LOAD Src\gpio.o
LOAD Src\i2c.o
LOAD Src\ltdc.o
LOAD Src\main.o
LOAD Src\spi.o
LOAD Src\stm32f4xx_hal_msp.o
LOAD Src\stm32f4xx_it.o
LOAD Src\syscalls.o
LOAD Src\system_stm32f4xx.o
LOAD Src\ts_calibration.o
LOAD Src\usart.o
LOAD startup\startup_stm32f429xx.o
LOAD ../Middlewares/ST/AI/AI/lib\network_runtime.a
                0x00000080                malloc_getpagesize_P = 0x80
START GROUP
LOAD c:/program files (x86)/atollic/truestudio for stm32 9.3.0/armtools/bin/../lib/gcc/arm-atollic-eabi/6.3.1/../../../../arm-atollic-eabi/lib/armv7e-m/fpu\libc_nano.a
LOAD c:/program files (x86)/atollic/truestudio for stm32 9.3.0/armtools/bin/../lib/gcc/arm-atollic-eabi/6.3.1/../../../../arm-atollic-eabi/lib/armv7e-m/fpu\libm.a
END GROUP
START GROUP
LOAD c:/program files (x86)/atollic/truestudio for stm32 9.3.0/armtools/bin/../lib/gcc/arm-atollic-eabi/6.3.1/armv7e-m/fpu\libgcc.a
LOAD c:/program files (x86)/atollic/truestudio for stm32 9.3.0/armtools/bin/../lib/gcc/arm-atollic-eabi/6.3.1/../../../../arm-atollic-eabi/lib/armv7e-m/fpu\libc_nano.a
END GROUP
START GROUP
LOAD c:/program files (x86)/atollic/truestudio for stm32 9.3.0/armtools/bin/../lib/gcc/arm-atollic-eabi/6.3.1/armv7e-m/fpu\libgcc.a
LOAD c:/program files (x86)/atollic/truestudio for stm32 9.3.0/armtools/bin/../lib/gcc/arm-atollic-eabi/6.3.1/../../../../arm-atollic-eabi/lib/armv7e-m/fpu\libc_nano.a
LOAD c:/program files (x86)/atollic/truestudio for stm32 9.3.0/armtools/bin/../lib/gcc/arm-atollic-eabi/6.3.1/../../../../arm-atollic-eabi/lib/armv7e-m/fpu\libnosys.a
END GROUP
START GROUP
LOAD c:/program files (x86)/atollic/truestudio for stm32 9.3.0/armtools/bin/../lib/gcc/arm-atollic-eabi/6.3.1/armv7e-m/fpu\libgcc.a
LOAD c:/program files (x86)/atollic/truestudio for stm32 9.3.0/armtools/bin/../lib/gcc/arm-atollic-eabi/6.3.1/../../../../arm-atollic-eabi/lib/armv7e-m/fpu\libc_nano.a
LOAD c:/program files (x86)/atollic/truestudio for stm32 9.3.0/armtools/bin/../lib/gcc/arm-atollic-eabi/6.3.1/../../../../arm-atollic-eabi/lib/armv7e-m/fpu\libnosys.a
END GROUP
LOAD c:/program files (x86)/atollic/truestudio for stm32 9.3.0/armtools/bin/../lib/gcc/arm-atollic-eabi/6.3.1/armv7e-m/fpu/crtend.o
LOAD c:/program files (x86)/atollic/truestudio for stm32 9.3.0/armtools/bin/../lib/gcc/arm-atollic-eabi/6.3.1/armv7e-m/fpu/crtn.o
                0x20030000                _estack = 0x20030000
                0x00000800                _Min_Heap_Size = 0x800
                0x00000400                _Min_Stack_Size = 0x400

.isr_vector     0x08000000      0x1ac
                0x08000000                . = ALIGN (0x4)
 *(.isr_vector)
 .isr_vector    0x08000000      0x1ac startup\startup_stm32f429xx.o
                0x08000000                g_pfnVectors
                0x080001ac                . = ALIGN (0x4)

.text           0x080001b0     0xa904
                0x080001b0                . = ALIGN (0x4)
 *(.text)
 .text          0x080001b0       0x40 c:/program files (x86)/atollic/truestudio for stm32 9.3.0/armtools/bin/../lib/gcc/arm-atollic-eabi/6.3.1/armv7e-m/fpu/crtbegin.o
 .text          0x080001f0      0x4c4 ../Middlewares/ST/AI/AI/lib\network_runtime.a(ai_platform_interface.o)
                0x08000252                ai_platform_runtime_get_revision
                0x08000282                ai_platform_runtime_get_version
                0x080002b6                ai_platform_api_get_version
                0x080002ea                ai_platform_interface_api_get_version
                0x0800031e                ai_platform_context_acquire
                0x0800035a                ai_platform_context_release
                0x08000368                ai_platform_network_get_error
                0x080003ac                ai_platform_network_set_error
                0x080003b8                ai_platform_network_create
                0x08000434                ai_platform_network_destroy
                0x08000472                ai_platform_network_init
                0x08000508                ai_platform_network_process
 .text          0x080006b4       0x24 ../Middlewares/ST/AI/AI/lib\network_runtime.a(core_common.o)
                0x080006b4                core_init
                0x080006b8                core_get_error
                0x080006c2                core_set_error
 .text          0x080006d8      0x1b8 ../Middlewares/ST/AI/AI/lib\network_runtime.a(layers.o)
                0x080006d8                ai_layers_forward_layer
                0x080006ec                ai_check_custom_types
                0x08000714                ai_layer_type_name
                0x080007d4                ai_layer_type_is_valid
                0x080007f0                ai_layers_forward_all
 .text          0x08000890     0x1000 ../Middlewares/ST/AI/AI/lib\network_runtime.a(layers_conv2d_generic_float.o)
                0x08000d08                ai_dict8_dot_array_f32
                0x08000fe0                ai_dict4_dot_array_f32
                0x08001080                forward_conv2d
                0x080011e4                forward_conv2d_nl_pool
                0x08001518                forward_dense
                0x08001810                forward_gemm
 .text          0x08001890      0x716 ../Middlewares/ST/AI/AI/lib\network_runtime.a(layers_nl_generic_float.o)
                0x08001890                nl_func_sm_channel_f32
                0x080019b4                nl_func_sm_array_f32
                0x080019e8                nl_func_tanh_array_f32
                0x08001a10                nl_func_sigmoid_array_f32
                0x08001a4c                nl_func_sign_array_f32
                0x08001a84                nl_func_clip_array_f32
                0x08001abc                nl_func_relu_array_f32
                0x08001ae8                nl_func_relu6_array_f32
                0x08001b28                nl_func_selu_array_f32
                0x08001bb8                nl_func_prelu_array_f32
                0x08001c04                forward_relu
                0x08001c64                forward_relu6
                0x08001cd8                forward_selu
                0x08001d84                forward_prelu
                0x08001dfc                forward_sign
                0x08001e70                forward_clip
                0x08001ed8                forward_sigmoid
                0x08001f30                forward_tanh
                0x08001f72                forward_sm
 *fill*         0x08001fa6        0x2 
 .text          0x08001fa8      0x66c ../Middlewares/ST/AI/AI/lib\network_runtime.a(layers_pool_generic_float.o)
                0x08001fa8                pool_func_mp_array_f32
                0x08002068                pool_func_ap_array_f32
                0x08002184                forward_mp
                0x08002384                forward_ap
 .text          0x08002614       0xf0 ../Middlewares/ST/AI/AI/lib\network_runtime.a(ai_math_helpers.o)
                0x08002614                ai_math_dot_array
                0x08002640                ai_math_sqrt
                0x08002658                ai_math_exp
                0x0800265c                ai_math_pow
                0x08002660                ai_math_tanh
                0x08002664                ai_math_relu
                0x08002674                ai_math_prelu
                0x08002684                ai_math_sigmoid
                0x080026a4                ai_math_hard_sigmoid
                0x080026d8                ai_math_sign
 *fill*         0x08002704        0xc 
 .text          0x08002710       0xa0 c:/program files (x86)/atollic/truestudio for stm32 9.3.0/armtools/bin/../lib/gcc/arm-atollic-eabi/6.3.1/../../../../arm-atollic-eabi/lib/armv7e-m/fpu\libc_nano.a(lib_a-memchr.o)
                0x08002710                memchr
 .text          0x080027b0      0x370 c:/program files (x86)/atollic/truestudio for stm32 9.3.0/armtools/bin/../lib/gcc/arm-atollic-eabi/6.3.1/armv7e-m/fpu\libgcc.a(_arm_addsubdf3.o)
                0x080027b0                __aeabi_drsub
                0x080027b8                __aeabi_dsub
                0x080027b8                __subdf3
                0x080027bc                __aeabi_dadd
                0x080027bc                __adddf3
                0x08002a34                __floatunsidf
                0x08002a34                __aeabi_ui2d
                0x08002a54                __floatsidf
                0x08002a54                __aeabi_i2d
                0x08002a78                __aeabi_f2d
                0x08002a78                __extendsfdf2
                0x08002ab4                __floatundidf
                0x08002ab4                __aeabi_ul2d
                0x08002ac4                __floatdidf
                0x08002ac4                __aeabi_l2d
 .text          0x08002b20      0x424 c:/program files (x86)/atollic/truestudio for stm32 9.3.0/armtools/bin/../lib/gcc/arm-atollic-eabi/6.3.1/armv7e-m/fpu\libgcc.a(_arm_muldivdf3.o)
                0x08002b20                __aeabi_dmul
                0x08002b20                __muldf3
                0x08002d74                __divdf3
                0x08002d74                __aeabi_ddiv
 .text          0x08002f44      0x110 c:/program files (x86)/atollic/truestudio for stm32 9.3.0/armtools/bin/../lib/gcc/arm-atollic-eabi/6.3.1/armv7e-m/fpu\libgcc.a(_arm_cmpdf2.o)
                0x08002f44                __gtdf2
                0x08002f44                __gedf2
                0x08002f4c                __ltdf2
                0x08002f4c                __ledf2
                0x08002f54                __nedf2
                0x08002f54                __eqdf2
                0x08002f54                __cmpdf2
                0x08002fd0                __aeabi_cdrcmple
                0x08002fe0                __aeabi_cdcmpeq
                0x08002fe0                __aeabi_cdcmple
                0x08002ff0                __aeabi_dcmpeq
                0x08003004                __aeabi_dcmplt
                0x08003018                __aeabi_dcmple
                0x0800302c                __aeabi_dcmpge
                0x08003040                __aeabi_dcmpgt
 .text          0x08003054       0xa0 c:/program files (x86)/atollic/truestudio for stm32 9.3.0/armtools/bin/../lib/gcc/arm-atollic-eabi/6.3.1/armv7e-m/fpu\libgcc.a(_arm_truncdfsf2.o)
                0x08003054                __truncdfsf2
                0x08003054                __aeabi_d2f
 .text          0x080030f4       0x30 c:/program files (x86)/atollic/truestudio for stm32 9.3.0/armtools/bin/../lib/gcc/arm-atollic-eabi/6.3.1/armv7e-m/fpu\libgcc.a(_aeabi_uldivmod.o)
                0x080030f4                __aeabi_uldivmod
 .text          0x08003124      0x2dc c:/program files (x86)/atollic/truestudio for stm32 9.3.0/armtools/bin/../lib/gcc/arm-atollic-eabi/6.3.1/armv7e-m/fpu\libgcc.a(_udivmoddi4.o)
                0x08003124                __udivmoddi4
 .text          0x08003400        0x4 c:/program files (x86)/atollic/truestudio for stm32 9.3.0/armtools/bin/../lib/gcc/arm-atollic-eabi/6.3.1/armv7e-m/fpu\libgcc.a(_dvmd_tls.o)
                0x08003400                __aeabi_idiv0
                0x08003400                __aeabi_ldiv0
 *(.text*)
 .text.ili9341_GetLcdPixelWidth
                0x08003404        0x4 Drivers\BSP\Components\ili9341.o
                0x08003404                ili9341_GetLcdPixelWidth
 .text.ili9341_GetLcdPixelHeight
                0x08003408        0x6 Drivers\BSP\Components\ili9341.o
                0x08003408                ili9341_GetLcdPixelHeight
 .text.ili9341_DisplayOn
                0x0800340e        0x6 Drivers\BSP\Components\ili9341.o
                0x0800340e                ili9341_DisplayOn
 .text.ili9341_DisplayOff
                0x08003414        0x6 Drivers\BSP\Components\ili9341.o
                0x08003414                ili9341_DisplayOff
 .text.ili9341_Init
                0x0800341a      0x292 Drivers\BSP\Components\ili9341.o
                0x0800341a                ili9341_Init
 .text.ili9341_ReadID
                0x080036ac       0x12 Drivers\BSP\Components\ili9341.o
                0x080036ac                ili9341_ReadID
 .text.stmpe811_Reset
                0x080036be       0x28 Drivers\BSP\Components\stmpe811.o
                0x080036be                stmpe811_Reset
 .text.stmpe811_ReadID
                0x080036e6       0x24 Drivers\BSP\Components\stmpe811.o
                0x080036e6                stmpe811_ReadID
 .text.stmpe811_TS_DetectTouch
                0x0800370a       0x38 Drivers\BSP\Components\stmpe811.o
                0x0800370a                stmpe811_TS_DetectTouch
 .text.stmpe811_TS_GetXY
                0x08003742       0x3c Drivers\BSP\Components\stmpe811.o
                0x08003742                stmpe811_TS_GetXY
 *fill*         0x0800377e        0x2 
 .text.stmpe811_Init
                0x08003780       0x34 Drivers\BSP\Components\stmpe811.o
                0x08003780                stmpe811_Init
 .text.stmpe811_EnableGlobalIT
                0x080037b4       0x1e Drivers\BSP\Components\stmpe811.o
                0x080037b4                stmpe811_EnableGlobalIT
 .text.stmpe811_DisableGlobalIT
                0x080037d2       0x1c Drivers\BSP\Components\stmpe811.o
                0x080037d2                stmpe811_DisableGlobalIT
 .text.stmpe811_EnableITSource
                0x080037ee       0x20 Drivers\BSP\Components\stmpe811.o
                0x080037ee                stmpe811_EnableITSource
 .text.stmpe811_TS_EnableIT
                0x0800380e       0x1a Drivers\BSP\Components\stmpe811.o
                0x0800380e                stmpe811_TS_EnableIT
 .text.stmpe811_DisableITSource
                0x08003828       0x20 Drivers\BSP\Components\stmpe811.o
                0x08003828                stmpe811_DisableITSource
 .text.stmpe811_TS_DisableIT
                0x08003848       0x14 Drivers\BSP\Components\stmpe811.o
                0x08003848                stmpe811_TS_DisableIT
 .text.stmpe811_ReadGITStatus
                0x0800385c       0x10 Drivers\BSP\Components\stmpe811.o
                0x0800385c                stmpe811_ReadGITStatus
 .text.stmpe811_TS_ITStatus
                0x0800386c        0x6 Drivers\BSP\Components\stmpe811.o
                0x0800386c                stmpe811_TS_ITStatus
 .text.stmpe811_ClearGlobalIT
                0x08003872        0xa Drivers\BSP\Components\stmpe811.o
                0x08003872                stmpe811_ClearGlobalIT
 .text.stmpe811_TS_ClearIT
                0x0800387c        0x6 Drivers\BSP\Components\stmpe811.o
                0x0800387c                stmpe811_TS_ClearIT
 .text.stmpe811_IO_EnableAF
                0x08003882       0x20 Drivers\BSP\Components\stmpe811.o
                0x08003882                stmpe811_IO_EnableAF
 .text.stmpe811_TS_Start
                0x080038a2       0xa4 Drivers\BSP\Components\stmpe811.o
                0x080038a2                stmpe811_TS_Start
 *fill*         0x08003946        0x2 
 .text.SPIx_Init
                0x08003948       0x98 Drivers\BSP\STM32F429I_DISCO\stm32f429i_discovery.o
 .text.I2Cx_Init
                0x080039e0       0xe8 Drivers\BSP\STM32F429I_DISCO\stm32f429i_discovery.o
 .text.I2Cx_Error
                0x08003ac8       0x14 Drivers\BSP\STM32F429I_DISCO\stm32f429i_discovery.o
 .text.SPIx_Write
                0x08003adc       0x30 Drivers\BSP\STM32F429I_DISCO\stm32f429i_discovery.o
 .text.BSP_LED_Init
                0x08003b0c       0x78 Drivers\BSP\STM32F429I_DISCO\stm32f429i_discovery.o
                0x08003b0c                BSP_LED_Init
 .text.BSP_LED_On
                0x08003b84       0x1c Drivers\BSP\STM32F429I_DISCO\stm32f429i_discovery.o
                0x08003b84                BSP_LED_On
 .text.BSP_LED_Off
                0x08003ba0       0x1c Drivers\BSP\STM32F429I_DISCO\stm32f429i_discovery.o
                0x08003ba0                BSP_LED_Off
 .text.BSP_LED_Toggle
                0x08003bbc       0x18 Drivers\BSP\STM32F429I_DISCO\stm32f429i_discovery.o
                0x08003bbc                BSP_LED_Toggle
 .text.LCD_IO_Init
                0x08003bd4       0xb8 Drivers\BSP\STM32F429I_DISCO\stm32f429i_discovery.o
                0x08003bd4                LCD_IO_Init
 .text.LCD_IO_WriteData
                0x08003c8c       0x38 Drivers\BSP\STM32F429I_DISCO\stm32f429i_discovery.o
                0x08003c8c                LCD_IO_WriteData
 .text.LCD_IO_WriteReg
                0x08003cc4       0x38 Drivers\BSP\STM32F429I_DISCO\stm32f429i_discovery.o
                0x08003cc4                LCD_IO_WriteReg
 .text.LCD_IO_ReadData
                0x08003cfc       0x6c Drivers\BSP\STM32F429I_DISCO\stm32f429i_discovery.o
                0x08003cfc                LCD_IO_ReadData
 .text.LCD_Delay
                0x08003d68        0x4 Drivers\BSP\STM32F429I_DISCO\stm32f429i_discovery.o
                0x08003d68                LCD_Delay
 .text.IOE_Init
                0x08003d6c        0x4 Drivers\BSP\STM32F429I_DISCO\stm32f429i_discovery.o
                0x08003d6c                IOE_Init
 .text.IOE_ITConfig
                0x08003d70       0x54 Drivers\BSP\STM32F429I_DISCO\stm32f429i_discovery.o
                0x08003d70                IOE_ITConfig
 .text.IOE_Write
                0x08003dc4       0x34 Drivers\BSP\STM32F429I_DISCO\stm32f429i_discovery.o
                0x08003dc4                IOE_Write
 .text.IOE_Read
                0x08003df8       0x38 Drivers\BSP\STM32F429I_DISCO\stm32f429i_discovery.o
                0x08003df8                IOE_Read
 .text.IOE_ReadMultiple
                0x08003e30       0x2c Drivers\BSP\STM32F429I_DISCO\stm32f429i_discovery.o
                0x08003e30                IOE_ReadMultiple
 .text.IOE_Delay
                0x08003e5c        0x4 Drivers\BSP\STM32F429I_DISCO\stm32f429i_discovery.o
                0x08003e5c                IOE_Delay
 .text.FillBuffer
                0x08003e60       0x64 Drivers\BSP\STM32F429I_DISCO\stm32f429i_discovery_lcd.o
 .text.BSP_LCD_GetXSize
                0x08003ec4       0x10 Drivers\BSP\STM32F429I_DISCO\stm32f429i_discovery_lcd.o
                0x08003ec4                BSP_LCD_GetXSize
 .text.BSP_LCD_GetYSize
                0x08003ed4       0x10 Drivers\BSP\STM32F429I_DISCO\stm32f429i_discovery_lcd.o
                0x08003ed4                BSP_LCD_GetYSize
 .text.BSP_LCD_LayerDefaultInit
                0x08003ee4       0x80 Drivers\BSP\STM32F429I_DISCO\stm32f429i_discovery_lcd.o
                0x08003ee4                BSP_LCD_LayerDefaultInit
 .text.BSP_LCD_SelectLayer
                0x08003f64        0xc Drivers\BSP\STM32F429I_DISCO\stm32f429i_discovery_lcd.o
                0x08003f64                BSP_LCD_SelectLayer
 .text.BSP_LCD_SetLayerVisible
                0x08003f70       0x28 Drivers\BSP\STM32F429I_DISCO\stm32f429i_discovery_lcd.o
                0x08003f70                BSP_LCD_SetLayerVisible
 .text.BSP_LCD_SetColorKeying
                0x08003f98       0x20 Drivers\BSP\STM32F429I_DISCO\stm32f429i_discovery_lcd.o
                0x08003f98                BSP_LCD_SetColorKeying
 .text.BSP_LCD_SetTextColor
                0x08003fb8       0x18 Drivers\BSP\STM32F429I_DISCO\stm32f429i_discovery_lcd.o
                0x08003fb8                BSP_LCD_SetTextColor
 .text.BSP_LCD_SetBackColor
                0x08003fd0       0x18 Drivers\BSP\STM32F429I_DISCO\stm32f429i_discovery_lcd.o
                0x08003fd0                BSP_LCD_SetBackColor
 .text.BSP_LCD_SetFont
                0x08003fe8       0x18 Drivers\BSP\STM32F429I_DISCO\stm32f429i_discovery_lcd.o
                0x08003fe8                BSP_LCD_SetFont
 .text.BSP_LCD_ReadPixel
                0x08004000       0x84 Drivers\BSP\STM32F429I_DISCO\stm32f429i_discovery_lcd.o
                0x08004000                BSP_LCD_ReadPixel
 .text.BSP_LCD_Clear
                0x08004084       0x3c Drivers\BSP\STM32F429I_DISCO\stm32f429i_discovery_lcd.o
                0x08004084                BSP_LCD_Clear
 .text.BSP_LCD_DrawHLine
                0x080040c0       0x50 Drivers\BSP\STM32F429I_DISCO\stm32f429i_discovery_lcd.o
                0x080040c0                BSP_LCD_DrawHLine
 .text.BSP_LCD_DrawVLine
                0x08004110       0x58 Drivers\BSP\STM32F429I_DISCO\stm32f429i_discovery_lcd.o
                0x08004110                BSP_LCD_DrawVLine
 .text.BSP_LCD_DrawRect
                0x08004168       0x34 Drivers\BSP\STM32F429I_DISCO\stm32f429i_discovery_lcd.o
                0x08004168                BSP_LCD_DrawRect
 .text.BSP_LCD_DisplayOn
                0x0800419c       0x10 Drivers\BSP\STM32F429I_DISCO\stm32f429i_discovery_lcd.o
                0x0800419c                BSP_LCD_DisplayOn
 .text.BSP_LCD_MspInit
                0x080041ac      0x148 Drivers\BSP\STM32F429I_DISCO\stm32f429i_discovery_lcd.o
                0x080041ac                BSP_LCD_MspInit
 .text.BSP_LCD_Init
                0x080042f4       0xac Drivers\BSP\STM32F429I_DISCO\stm32f429i_discovery_lcd.o
                0x080042f4                BSP_LCD_Init
 .text.BSP_LCD_DrawPixel
                0x080043a0       0x2c Drivers\BSP\STM32F429I_DISCO\stm32f429i_discovery_lcd.o
                0x080043a0                BSP_LCD_DrawPixel
 .text.BSP_LCD_DisplayChar
                0x080043cc       0xcc Drivers\BSP\STM32F429I_DISCO\stm32f429i_discovery_lcd.o
                0x080043cc                BSP_LCD_DisplayChar
 .text.BSP_LCD_DisplayStringAt
                0x08004498       0xbc Drivers\BSP\STM32F429I_DISCO\stm32f429i_discovery_lcd.o
                0x08004498                BSP_LCD_DisplayStringAt
 .text.BSP_LCD_DrawCircle
                0x08004554      0x138 Drivers\BSP\STM32F429I_DISCO\stm32f429i_discovery_lcd.o
                0x08004554                BSP_LCD_DrawCircle
 .text.BSP_LCD_FillCircle
                0x0800468c       0xaa Drivers\BSP\STM32F429I_DISCO\stm32f429i_discovery_lcd.o
                0x0800468c                BSP_LCD_FillCircle
 *fill*         0x08004736        0x2 
 .text.BSP_SDRAM_Initialization_sequence
                0x08004738       0x9c Drivers\BSP\STM32F429I_DISCO\stm32f429i_discovery_sdram.o
                0x08004738                BSP_SDRAM_Initialization_sequence
 .text.BSP_SDRAM_MspInit
                0x080047d4      0x190 Drivers\BSP\STM32F429I_DISCO\stm32f429i_discovery_sdram.o
                0x080047d4                BSP_SDRAM_MspInit
 .text.BSP_SDRAM_Init
                0x08004964       0x7c Drivers\BSP\STM32F429I_DISCO\stm32f429i_discovery_sdram.o
                0x08004964                BSP_SDRAM_Init
 .text.BSP_TS_Init
                0x080049e0       0x44 Drivers\BSP\STM32F429I_DISCO\stm32f429i_discovery_ts.o
                0x080049e0                BSP_TS_Init
 .text.BSP_TS_GetState
                0x08004a24       0xc0 Drivers\BSP\STM32F429I_DISCO\stm32f429i_discovery_ts.o
                0x08004a24                BSP_TS_GetState
 .text.arm_dot_prod_f32
                0x08004ae4       0x74 Drivers\CMSIS\DSP\Source\BasicMathFunctions\arm_dot_prod_f32.o
                0x08004ae4                arm_dot_prod_f32
 .text.HAL_InitTick
                0x08004b58       0x48 Drivers\STM32F4xx_HAL_Driver\Src\stm32f4xx_hal.o
                0x08004b58                HAL_InitTick
 .text.HAL_Init
                0x08004ba0       0x34 Drivers\STM32F4xx_HAL_Driver\Src\stm32f4xx_hal.o
                0x08004ba0                HAL_Init
 .text.HAL_IncTick
                0x08004bd4       0x18 Drivers\STM32F4xx_HAL_Driver\Src\stm32f4xx_hal.o
                0x08004bd4                HAL_IncTick
 .text.HAL_GetTick
                0x08004bec        0xc Drivers\STM32F4xx_HAL_Driver\Src\stm32f4xx_hal.o
                0x08004bec                HAL_GetTick
 .text.HAL_Delay
                0x08004bf8       0x28 Drivers\STM32F4xx_HAL_Driver\Src\stm32f4xx_hal.o
                0x08004bf8                HAL_Delay
 .text.HAL_NVIC_SetPriorityGrouping
                0x08004c20       0x24 Drivers\STM32F4xx_HAL_Driver\Src\stm32f4xx_hal_cortex.o
                0x08004c20                HAL_NVIC_SetPriorityGrouping
 .text.HAL_NVIC_SetPriority
                0x08004c44       0x68 Drivers\STM32F4xx_HAL_Driver\Src\stm32f4xx_hal_cortex.o
                0x08004c44                HAL_NVIC_SetPriority
 .text.HAL_NVIC_EnableIRQ
                0x08004cac       0x1c Drivers\STM32F4xx_HAL_Driver\Src\stm32f4xx_hal_cortex.o
                0x08004cac                HAL_NVIC_EnableIRQ
 .text.HAL_SYSTICK_Config
                0x08004cc8       0x2c Drivers\STM32F4xx_HAL_Driver\Src\stm32f4xx_hal_cortex.o
                0x08004cc8                HAL_SYSTICK_Config
 .text.HAL_CRC_Init
                0x08004cf4       0x24 Drivers\STM32F4xx_HAL_Driver\Src\stm32f4xx_hal_crc.o
                0x08004cf4                HAL_CRC_Init
 .text.DMA_CalcBaseAndBitshift
                0x08004d18       0x2c Drivers\STM32F4xx_HAL_Driver\Src\stm32f4xx_hal_dma.o
 .text.HAL_DMA_Init
                0x08004d44       0xfc Drivers\STM32F4xx_HAL_Driver\Src\stm32f4xx_hal_dma.o
                0x08004d44                HAL_DMA_Init
 .text.HAL_DMA_DeInit
                0x08004e40       0x54 Drivers\STM32F4xx_HAL_Driver\Src\stm32f4xx_hal_dma.o
                0x08004e40                HAL_DMA_DeInit
 .text.DMA2D_SetConfig
                0x08004e94       0x84 Drivers\STM32F4xx_HAL_Driver\Src\stm32f4xx_hal_dma2d.o
 .text.HAL_DMA2D_Init
                0x08004f18       0x58 Drivers\STM32F4xx_HAL_Driver\Src\stm32f4xx_hal_dma2d.o
                0x08004f18                HAL_DMA2D_Init
 .text.HAL_DMA2D_Start
                0x08004f70       0x34 Drivers\STM32F4xx_HAL_Driver\Src\stm32f4xx_hal_dma2d.o
                0x08004f70                HAL_DMA2D_Start
 .text.HAL_DMA2D_PollForTransfer
                0x08004fa4      0x102 Drivers\STM32F4xx_HAL_Driver\Src\stm32f4xx_hal_dma2d.o
                0x08004fa4                HAL_DMA2D_PollForTransfer
 .text.HAL_DMA2D_LineEventCallback
                0x080050a6        0x2 Drivers\STM32F4xx_HAL_Driver\Src\stm32f4xx_hal_dma2d.o
                0x080050a6                HAL_DMA2D_LineEventCallback
 .text.HAL_DMA2D_CLUTLoadingCpltCallback
                0x080050a8        0x2 Drivers\STM32F4xx_HAL_Driver\Src\stm32f4xx_hal_dma2d.o
                0x080050a8                HAL_DMA2D_CLUTLoadingCpltCallback
 .text.HAL_DMA2D_IRQHandler
                0x080050aa      0x114 Drivers\STM32F4xx_HAL_Driver\Src\stm32f4xx_hal_dma2d.o
                0x080050aa                HAL_DMA2D_IRQHandler
 *fill*         0x080051be        0x2 
 .text.HAL_DMA2D_ConfigLayer
                0x080051c0       0x94 Drivers\STM32F4xx_HAL_Driver\Src\stm32f4xx_hal_dma2d.o
                0x080051c0                HAL_DMA2D_ConfigLayer
 .text.HAL_GPIO_Init
                0x08005254      0x1d8 Drivers\STM32F4xx_HAL_Driver\Src\stm32f4xx_hal_gpio.o
                0x08005254                HAL_GPIO_Init
 .text.HAL_GPIO_DeInit
                0x0800542c      0x134 Drivers\STM32F4xx_HAL_Driver\Src\stm32f4xx_hal_gpio.o
                0x0800542c                HAL_GPIO_DeInit
 .text.HAL_GPIO_WritePin
                0x08005560        0xa Drivers\STM32F4xx_HAL_Driver\Src\stm32f4xx_hal_gpio.o
                0x08005560                HAL_GPIO_WritePin
 .text.HAL_GPIO_TogglePin
                0x0800556a        0xe Drivers\STM32F4xx_HAL_Driver\Src\stm32f4xx_hal_gpio.o
                0x0800556a                HAL_GPIO_TogglePin
 .text.I2C_IsAcknowledgeFailed
                0x08005578       0x34 Drivers\STM32F4xx_HAL_Driver\Src\stm32f4xx_hal_i2c.o
 .text.I2C_WaitOnMasterAddressFlagUntilTimeout
                0x080055ac       0x8a Drivers\STM32F4xx_HAL_Driver\Src\stm32f4xx_hal_i2c.o
 .text.I2C_WaitOnBTFFlagUntilTimeout
                0x08005636       0x4c Drivers\STM32F4xx_HAL_Driver\Src\stm32f4xx_hal_i2c.o
 .text.I2C_WaitOnRXNEFlagUntilTimeout
                0x08005682       0x5e Drivers\STM32F4xx_HAL_Driver\Src\stm32f4xx_hal_i2c.o
 .text.I2C_WaitOnFlagUntilTimeout
                0x080056e0       0x64 Drivers\STM32F4xx_HAL_Driver\Src\stm32f4xx_hal_i2c.o
 .text.I2C_WaitOnTXEFlagUntilTimeout
                0x08005744       0x4c Drivers\STM32F4xx_HAL_Driver\Src\stm32f4xx_hal_i2c.o
 .text.I2C_RequestMemoryWrite
                0x08005790       0x9c Drivers\STM32F4xx_HAL_Driver\Src\stm32f4xx_hal_i2c.o
 .text.I2C_RequestMemoryRead
                0x0800582c       0xec Drivers\STM32F4xx_HAL_Driver\Src\stm32f4xx_hal_i2c.o
 .text.HAL_I2C_Init
                0x08005918      0x148 Drivers\STM32F4xx_HAL_Driver\Src\stm32f4xx_hal_i2c.o
                0x08005918                HAL_I2C_Init
 .text.HAL_I2C_DeInit
                0x08005a60       0x32 Drivers\STM32F4xx_HAL_Driver\Src\stm32f4xx_hal_i2c.o
                0x08005a60                HAL_I2C_DeInit
 *fill*         0x08005a92        0x2 
 .text.HAL_I2C_Mem_Write
                0x08005a94      0x120 Drivers\STM32F4xx_HAL_Driver\Src\stm32f4xx_hal_i2c.o
                0x08005a94                HAL_I2C_Mem_Write
 .text.HAL_I2C_Mem_Read
                0x08005bb4      0x218 Drivers\STM32F4xx_HAL_Driver\Src\stm32f4xx_hal_i2c.o
                0x08005bb4                HAL_I2C_Mem_Read
 .text.HAL_I2C_GetState
                0x08005dcc        0x6 Drivers\STM32F4xx_HAL_Driver\Src\stm32f4xx_hal_i2c.o
                0x08005dcc                HAL_I2C_GetState
 .text.HAL_I2CEx_ConfigAnalogFilter
                0x08005dd2       0x3e Drivers\STM32F4xx_HAL_Driver\Src\stm32f4xx_hal_i2c_ex.o
                0x08005dd2                HAL_I2CEx_ConfigAnalogFilter
 .text.HAL_I2CEx_ConfigDigitalFilter
                0x08005e10       0x3e Drivers\STM32F4xx_HAL_Driver\Src\stm32f4xx_hal_i2c_ex.o
                0x08005e10                HAL_I2CEx_ConfigDigitalFilter
 .text.LTDC_SetConfig
                0x08005e4e      0x10c Drivers\STM32F4xx_HAL_Driver\Src\stm32f4xx_hal_ltdc.o
 *fill*         0x08005f5a        0x2 
 .text.HAL_LTDC_Init
                0x08005f5c       0xd8 Drivers\STM32F4xx_HAL_Driver\Src\stm32f4xx_hal_ltdc.o
                0x08005f5c                HAL_LTDC_Init
 .text.HAL_LTDC_ErrorCallback
                0x08006034        0x2 Drivers\STM32F4xx_HAL_Driver\Src\stm32f4xx_hal_ltdc.o
                0x08006034                HAL_LTDC_ErrorCallback
 .text.HAL_LTDC_LineEventCallback
                0x08006036        0x2 Drivers\STM32F4xx_HAL_Driver\Src\stm32f4xx_hal_ltdc.o
                0x08006036                HAL_LTDC_LineEventCallback
 .text.HAL_LTDC_ReloadEventCallback
                0x08006038        0x2 Drivers\STM32F4xx_HAL_Driver\Src\stm32f4xx_hal_ltdc.o
                0x08006038                HAL_LTDC_ReloadEventCallback
 .text.HAL_LTDC_IRQHandler
                0x0800603a       0xba Drivers\STM32F4xx_HAL_Driver\Src\stm32f4xx_hal_ltdc.o
                0x0800603a                HAL_LTDC_IRQHandler
 .text.HAL_LTDC_ConfigLayer
                0x080060f4       0x52 Drivers\STM32F4xx_HAL_Driver\Src\stm32f4xx_hal_ltdc.o
                0x080060f4                HAL_LTDC_ConfigLayer
 .text.HAL_LTDC_ConfigColorKeying
                0x08006146       0x3a Drivers\STM32F4xx_HAL_Driver\Src\stm32f4xx_hal_ltdc.o
                0x08006146                HAL_LTDC_ConfigColorKeying
 .text.HAL_LTDC_EnableColorKeying
                0x08006180       0x30 Drivers\STM32F4xx_HAL_Driver\Src\stm32f4xx_hal_ltdc.o
                0x08006180                HAL_LTDC_EnableColorKeying
 .text.HAL_LTDC_EnableDither
                0x080061b0       0x30 Drivers\STM32F4xx_HAL_Driver\Src\stm32f4xx_hal_ltdc.o
                0x080061b0                HAL_LTDC_EnableDither
 .text.HAL_PWREx_EnableOverDrive
                0x080061e0       0x78 Drivers\STM32F4xx_HAL_Driver\Src\stm32f4xx_hal_pwr_ex.o
                0x080061e0                HAL_PWREx_EnableOverDrive
 .text.HAL_RCC_OscConfig
                0x08006258      0x304 Drivers\STM32F4xx_HAL_Driver\Src\stm32f4xx_hal_rcc.o
                0x08006258                HAL_RCC_OscConfig
 .text.HAL_RCC_GetSysClockFreq
                0x0800655c       0x5c Drivers\STM32F4xx_HAL_Driver\Src\stm32f4xx_hal_rcc.o
                0x0800655c                HAL_RCC_GetSysClockFreq
 .text.HAL_RCC_ClockConfig
                0x080065b8      0x134 Drivers\STM32F4xx_HAL_Driver\Src\stm32f4xx_hal_rcc.o
                0x080065b8                HAL_RCC_ClockConfig
 .text.HAL_RCC_GetPCLK1Freq
                0x080066ec       0x20 Drivers\STM32F4xx_HAL_Driver\Src\stm32f4xx_hal_rcc.o
                0x080066ec                HAL_RCC_GetPCLK1Freq
 .text.HAL_RCC_GetPCLK2Freq
                0x0800670c       0x20 Drivers\STM32F4xx_HAL_Driver\Src\stm32f4xx_hal_rcc.o
                0x0800670c                HAL_RCC_GetPCLK2Freq
 .text.HAL_RCCEx_PeriphCLKConfig
                0x0800672c      0x230 Drivers\STM32F4xx_HAL_Driver\Src\stm32f4xx_hal_rcc_ex.o
                0x0800672c                HAL_RCCEx_PeriphCLKConfig
 .text.HAL_SDRAM_Init
                0x0800695c       0x40 Drivers\STM32F4xx_HAL_Driver\Src\stm32f4xx_hal_sdram.o
                0x0800695c                HAL_SDRAM_Init
 .text.HAL_SDRAM_SendCommand
                0x0800699c       0x2e Drivers\STM32F4xx_HAL_Driver\Src\stm32f4xx_hal_sdram.o
                0x0800699c                HAL_SDRAM_SendCommand
 .text.HAL_SDRAM_ProgramRefreshRate
                0x080069ca       0x24 Drivers\STM32F4xx_HAL_Driver\Src\stm32f4xx_hal_sdram.o
                0x080069ca                HAL_SDRAM_ProgramRefreshRate
 .text.SPI_WaitFlagStateUntilTimeout.constprop.9
                0x080069ee       0x76 Drivers\STM32F4xx_HAL_Driver\Src\stm32f4xx_hal_spi.o
 .text.SPI_EndRxTransaction
                0x08006a64       0x54 Drivers\STM32F4xx_HAL_Driver\Src\stm32f4xx_hal_spi.o
 .text.SPI_EndRxTxTransaction
                0x08006ab8       0x5c Drivers\STM32F4xx_HAL_Driver\Src\stm32f4xx_hal_spi.o
 .text.HAL_SPI_Init
                0x08006b14       0x7a Drivers\STM32F4xx_HAL_Driver\Src\stm32f4xx_hal_spi.o
                0x08006b14                HAL_SPI_Init
 .text.HAL_SPI_DeInit
                0x08006b8e       0x2c Drivers\STM32F4xx_HAL_Driver\Src\stm32f4xx_hal_spi.o
                0x08006b8e                HAL_SPI_DeInit
 .text.HAL_SPI_Transmit
                0x08006bba      0x150 Drivers\STM32F4xx_HAL_Driver\Src\stm32f4xx_hal_spi.o
                0x08006bba                HAL_SPI_Transmit
 .text.HAL_SPI_TransmitReceive
                0x08006d0a      0x1e0 Drivers\STM32F4xx_HAL_Driver\Src\stm32f4xx_hal_spi.o
                0x08006d0a                HAL_SPI_TransmitReceive
 .text.HAL_SPI_Receive
                0x08006eea      0x12e Drivers\STM32F4xx_HAL_Driver\Src\stm32f4xx_hal_spi.o
                0x08006eea                HAL_SPI_Receive
 .text.HAL_SPI_GetState
                0x08007018        0x6 Drivers\STM32F4xx_HAL_Driver\Src\stm32f4xx_hal_spi.o
                0x08007018                HAL_SPI_GetState
 *fill*         0x0800701e        0x2 
 .text.UART_SetConfig
                0x08007020      0x234 Drivers\STM32F4xx_HAL_Driver\Src\stm32f4xx_hal_uart.o
 .text.UART_WaitOnFlagUntilTimeout.constprop.3
                0x08007254       0x50 Drivers\STM32F4xx_HAL_Driver\Src\stm32f4xx_hal_uart.o
 .text.HAL_UART_Init
                0x080072a4       0x5c Drivers\STM32F4xx_HAL_Driver\Src\stm32f4xx_hal_uart.o
                0x080072a4                HAL_UART_Init
 .text.HAL_UART_Transmit
                0x08007300       0xba Drivers\STM32F4xx_HAL_Driver\Src\stm32f4xx_hal_uart.o
                0x08007300                HAL_UART_Transmit
 .text.FMC_SDRAM_Init
                0x080073ba       0x7e Drivers\STM32F4xx_HAL_Driver\Src\stm32f4xx_ll_fmc.o
                0x080073ba                FMC_SDRAM_Init
 .text.FMC_SDRAM_Timing_Init
                0x08007438       0x90 Drivers\STM32F4xx_HAL_Driver\Src\stm32f4xx_ll_fmc.o
                0x08007438                FMC_SDRAM_Timing_Init
 .text.FMC_SDRAM_SendCommand
                0x080074c8       0x4a Drivers\STM32F4xx_HAL_Driver\Src\stm32f4xx_ll_fmc.o
                0x080074c8                FMC_SDRAM_SendCommand
 .text.FMC_SDRAM_ProgramRefreshRate
                0x08007512        0xc Drivers\STM32F4xx_HAL_Driver\Src\stm32f4xx_ll_fmc.o
                0x08007512                FMC_SDRAM_ProgramRefreshRate
 *fill*         0x0800751e        0x2 
 .text.ai_network_data_weights_get
                0x08007520        0x8 Middlewares\ST\AI\AI\data\network_data.o
                0x08007520                ai_network_data_weights_get
 .text.ai_network_get_info
                0x08007528      0x10c Middlewares\ST\AI\AI\src\network.o
                0x08007528                ai_network_get_info
 .text.ai_network_get_error
                0x08007634        0x8 Middlewares\ST\AI\AI\src\network.o
                0x08007634                ai_network_get_error
 .text.ai_network_create
                0x0800763c       0x1c Middlewares\ST\AI\AI\src\network.o
                0x0800763c                ai_network_create
 .text.ai_network_destroy
                0x08007658        0x4 Middlewares\ST\AI\AI\src\network.o
                0x08007658                ai_network_destroy
 .text.ai_network_init
                0x0800765c      0x134 Middlewares\ST\AI\AI\src\network.o
                0x0800765c                ai_network_init
 .text.ai_network_run
                0x08007790        0x4 Middlewares\ST\AI\AI\src\network.o
                0x08007790                ai_network_run
 .text.MX_X_CUBE_AI_Init
                0x08007794       0xb0 Src\app_x-cube-ai.o
                0x08007794                MX_X_CUBE_AI_Init
 .text.MX_X_CUBE_AI_Process
                0x08007844       0x7c Src\app_x-cube-ai.o
                0x08007844                MX_X_CUBE_AI_Process
 .text.MX_CRC_Init
                0x080078c0       0x20 Src\crc.o
                0x080078c0                MX_CRC_Init
 .text.HAL_CRC_MspInit
                0x080078e0       0x30 Src\crc.o
                0x080078e0                HAL_CRC_MspInit
 .text.MX_DMA2D_Init
                0x08007910       0x40 Src\dma2d.o
                0x08007910                MX_DMA2D_Init
 .text.HAL_DMA2D_MspInit
                0x08007950       0x3c Src\dma2d.o
                0x08007950                HAL_DMA2D_MspInit
 .text.MX_FMC_Init
                0x0800798c       0x6c Src\fmc.o
                0x0800798c                MX_FMC_Init
 .text.HAL_SDRAM_MspInit
                0x080079f8        0x2 Src\fmc.o
                0x080079f8                HAL_SDRAM_MspInit
 *fill*         0x080079fa        0x2 
 .text.MX_GPIO_Init
                0x080079fc      0x160 Src\gpio.o
                0x080079fc                MX_GPIO_Init
 .text.MX_I2C3_Init
                0x08007b5c       0x5c Src\i2c.o
                0x08007b5c                MX_I2C3_Init
 .text.HAL_I2C_MspInit
                0x08007bb8        0x2 Src\i2c.o
                0x08007bb8                HAL_I2C_MspInit
 *fill*         0x08007bba        0x2 
 .text.HAL_I2C_MspDeInit
                0x08007bbc       0x40 Src\i2c.o
                0x08007bbc                HAL_I2C_MspDeInit
 .text.MX_LTDC_Init
                0x08007bfc       0xb0 Src\ltdc.o
                0x08007bfc                MX_LTDC_Init
 .text.HAL_LTDC_MspInit
                0x08007cac        0x2 Src\ltdc.o
                0x08007cac                HAL_LTDC_MspInit
 *fill*         0x08007cae        0x2 
 .text.Draw_Menu
                0x08007cb0       0xbc Src\main.o
 .text.SystemClock_Config
                0x08007d6c       0xb8 Src\main.o
                0x08007d6c                SystemClock_Config
 .text.startup.main
                0x08007e24      0x3b0 Src\main.o
                0x08007e24                main
 .text.Error_Handler
                0x080081d4        0x2 Src\main.o
                0x080081d4                Error_Handler
 *fill*         0x080081d6        0x2 
 .text.MX_SPI5_Init
                0x080081d8       0x44 Src\spi.o
                0x080081d8                MX_SPI5_Init
 .text.HAL_SPI_MspInit
                0x0800821c        0x2 Src\spi.o
                0x0800821c                HAL_SPI_MspInit
 *fill*         0x0800821e        0x2 
 .text.HAL_SPI_MspDeInit
                0x08008220       0x2c Src\spi.o
                0x08008220                HAL_SPI_MspDeInit
 .text.HAL_MspInit
                0x0800824c       0x38 Src\stm32f4xx_hal_msp.o
                0x0800824c                HAL_MspInit
 .text.NMI_Handler
                0x08008284        0x2 Src\stm32f4xx_it.o
                0x08008284                NMI_Handler
 .text.HardFault_Handler
                0x08008286        0x2 Src\stm32f4xx_it.o
                0x08008286                HardFault_Handler
 .text.MemManage_Handler
                0x08008288        0x2 Src\stm32f4xx_it.o
                0x08008288                MemManage_Handler
 .text.BusFault_Handler
                0x0800828a        0x2 Src\stm32f4xx_it.o
                0x0800828a                BusFault_Handler
 .text.UsageFault_Handler
                0x0800828c        0x2 Src\stm32f4xx_it.o
                0x0800828c                UsageFault_Handler
 .text.SVC_Handler
                0x0800828e        0x2 Src\stm32f4xx_it.o
                0x0800828e                SVC_Handler
 .text.DebugMon_Handler
                0x08008290        0x2 Src\stm32f4xx_it.o
                0x08008290                DebugMon_Handler
 .text.PendSV_Handler
                0x08008292        0x2 Src\stm32f4xx_it.o
                0x08008292                PendSV_Handler
 .text.SysTick_Handler
                0x08008294        0x4 Src\stm32f4xx_it.o
                0x08008294                SysTick_Handler
 .text.LTDC_IRQHandler
                0x08008298        0xc Src\stm32f4xx_it.o
                0x08008298                LTDC_IRQHandler
 .text.DMA2D_IRQHandler
                0x080082a4        0xc Src\stm32f4xx_it.o
                0x080082a4                DMA2D_IRQHandler
 .text._read    0x080082b0       0x1c Src\syscalls.o
                0x080082b0                _read
 .text._write   0x080082cc       0x1c Src\syscalls.o
                0x080082cc                _write
 .text._sbrk    0x080082e8       0x34 Src\syscalls.o
                0x080082e8                _sbrk
 .text._close   0x0800831c        0x6 Src\syscalls.o
                0x0800831c                _close
 .text._fstat   0x08008322        0xa Src\syscalls.o
                0x08008322                _fstat
 .text._isatty  0x0800832c        0x4 Src\syscalls.o
                0x0800832c                _isatty
 .text._lseek   0x08008330        0x4 Src\syscalls.o
                0x08008330                _lseek
 .text.SystemInit
                0x08008334       0x4c Src\system_stm32f4xx.o
                0x08008334                SystemInit
 .text.WaitForPressedState
                0x08008380       0x40 Src\ts_calibration.o
 .text.Touchscreen_Calibration
                0x080083c0      0x1fc Src\ts_calibration.o
                0x080083c0                Touchscreen_Calibration
 .text.Calibration_GetX
                0x080085bc       0x24 Src\ts_calibration.o
                0x080085bc                Calibration_GetX
 .text.MX_USART1_UART_Init
                0x080085e0       0x38 Src\usart.o
                0x080085e0                MX_USART1_UART_Init
 .text.HAL_UART_MspInit
                0x08008618       0x70 Src\usart.o
                0x08008618                HAL_UART_MspInit
 .text.__io_putchar
                0x08008688       0x20 Src\usart.o
                0x08008688                __io_putchar
 .text.Reset_Handler
                0x080086a8       0x50 startup\startup_stm32f429xx.o
                0x080086a8                Reset_Handler
 .text.Default_Handler
                0x080086f8        0x2 startup\startup_stm32f429xx.o
                0x080086f8                RTC_Alarm_IRQHandler
                0x080086f8                HASH_RNG_IRQHandler
                0x080086f8                EXTI2_IRQHandler
                0x080086f8                TIM8_CC_IRQHandler
                0x080086f8                UART8_IRQHandler
                0x080086f8                SPI4_IRQHandler
                0x080086f8                TIM1_CC_IRQHandler
                0x080086f8                DMA2_Stream5_IRQHandler
                0x080086f8                DMA1_Stream5_IRQHandler
                0x080086f8                PVD_IRQHandler
                0x080086f8                SDIO_IRQHandler
                0x080086f8                TAMP_STAMP_IRQHandler
                0x080086f8                CAN2_RX1_IRQHandler
                0x080086f8                EXTI3_IRQHandler
                0x080086f8                TIM8_TRG_COM_TIM14_IRQHandler
                0x080086f8                TIM1_UP_TIM10_IRQHandler
                0x080086f8                TIM8_UP_TIM13_IRQHandler
                0x080086f8                I2C3_ER_IRQHandler
                0x080086f8                EXTI0_IRQHandler
                0x080086f8                I2C2_EV_IRQHandler
                0x080086f8                DMA1_Stream2_IRQHandler
                0x080086f8                CAN1_RX0_IRQHandler
                0x080086f8                FPU_IRQHandler
                0x080086f8                OTG_HS_WKUP_IRQHandler
                0x080086f8                LTDC_ER_IRQHandler
                0x080086f8                CAN2_SCE_IRQHandler
                0x080086f8                DMA2_Stream2_IRQHandler
                0x080086f8                SPI1_IRQHandler
                0x080086f8                TIM6_DAC_IRQHandler
                0x080086f8                TIM1_BRK_TIM9_IRQHandler
                0x080086f8                DCMI_IRQHandler
                0x080086f8                CAN2_RX0_IRQHandler
                0x080086f8                DMA2_Stream3_IRQHandler
                0x080086f8                USART6_IRQHandler
                0x080086f8                USART3_IRQHandler
                0x080086f8                CAN1_RX1_IRQHandler
                0x080086f8                UART5_IRQHandler
                0x080086f8                DMA2_Stream0_IRQHandler
                0x080086f8                TIM4_IRQHandler
                0x080086f8                I2C1_EV_IRQHandler
                0x080086f8                DMA1_Stream6_IRQHandler
                0x080086f8                DMA1_Stream1_IRQHandler
                0x080086f8                UART4_IRQHandler
                0x080086f8                TIM3_IRQHandler
                0x080086f8                RCC_IRQHandler
                0x080086f8                TIM8_BRK_TIM12_IRQHandler
                0x080086f8                Default_Handler
                0x080086f8                EXTI15_10_IRQHandler
                0x080086f8                ADC_IRQHandler
                0x080086f8                DMA1_Stream7_IRQHandler
                0x080086f8                SPI5_IRQHandler
                0x080086f8                TIM7_IRQHandler
                0x080086f8                CAN2_TX_IRQHandler
                0x080086f8                TIM5_IRQHandler
                0x080086f8                DMA2_Stream7_IRQHandler
                0x080086f8                I2C3_EV_IRQHandler
                0x080086f8                EXTI9_5_IRQHandler
                0x080086f8                RTC_WKUP_IRQHandler
                0x080086f8                ETH_WKUP_IRQHandler
                0x080086f8                SPI2_IRQHandler
                0x080086f8                OTG_HS_EP1_IN_IRQHandler
                0x080086f8                DMA1_Stream0_IRQHandler
                0x080086f8                CAN1_TX_IRQHandler
                0x080086f8                EXTI4_IRQHandler
                0x080086f8                ETH_IRQHandler
                0x080086f8                OTG_HS_EP1_OUT_IRQHandler
                0x080086f8                WWDG_IRQHandler
                0x080086f8                SPI6_IRQHandler
                0x080086f8                TIM2_IRQHandler
                0x080086f8                OTG_FS_WKUP_IRQHandler
                0x080086f8                TIM1_TRG_COM_TIM11_IRQHandler
                0x080086f8                OTG_HS_IRQHandler
                0x080086f8                EXTI1_IRQHandler
                0x080086f8                UART7_IRQHandler
                0x080086f8                USART2_IRQHandler
                0x080086f8                I2C2_ER_IRQHandler
                0x080086f8                DMA2_Stream1_IRQHandler
                0x080086f8                CAN1_SCE_IRQHandler
                0x080086f8                FLASH_IRQHandler
                0x080086f8                DMA2_Stream4_IRQHandler
                0x080086f8                USART1_IRQHandler
                0x080086f8                OTG_FS_IRQHandler
                0x080086f8                SPI3_IRQHandler
                0x080086f8                DMA1_Stream4_IRQHandler
                0x080086f8                I2C1_ER_IRQHandler
                0x080086f8                FMC_IRQHandler
                0x080086f8                DMA2_Stream6_IRQHandler
                0x080086f8                SAI1_IRQHandler
                0x080086f8                DMA1_Stream3_IRQHandler
 .text.__aeabi_memcpy
                0x080086fa        0x4 c:/program files (x86)/atollic/truestudio for stm32 9.3.0/armtools/bin/../lib/gcc/arm-atollic-eabi/6.3.1/../../../../arm-atollic-eabi/lib/armv7e-m/fpu\libc_nano.a(lib_a-aeabi_memcpy.o)
                0x080086fa                __aeabi_memcpy4
                0x080086fa                __aeabi_memcpy8
                0x080086fa                __aeabi_memcpy
 *fill*         0x080086fe        0x2 
 .text.__errno  0x08008700        0xc c:/program files (x86)/atollic/truestudio for stm32 9.3.0/armtools/bin/../lib/gcc/arm-atollic-eabi/6.3.1/../../../../arm-atollic-eabi/lib/armv7e-m/fpu\libc_nano.a(lib_a-errno.o)
                0x08008700                __errno
 .text.__libc_init_array
                0x0800870c       0x48 c:/program files (x86)/atollic/truestudio for stm32 9.3.0/armtools/bin/../lib/gcc/arm-atollic-eabi/6.3.1/../../../../arm-atollic-eabi/lib/armv7e-m/fpu\libc_nano.a(lib_a-init.o)
                0x0800870c                __libc_init_array
 .text.memcmp   0x08008754       0x1e c:/program files (x86)/atollic/truestudio for stm32 9.3.0/armtools/bin/../lib/gcc/arm-atollic-eabi/6.3.1/../../../../arm-atollic-eabi/lib/armv7e-m/fpu\libc_nano.a(lib_a-memcmp.o)
                0x08008754                memcmp
 .text.memcpy   0x08008772       0x16 c:/program files (x86)/atollic/truestudio for stm32 9.3.0/armtools/bin/../lib/gcc/arm-atollic-eabi/6.3.1/../../../../arm-atollic-eabi/lib/armv7e-m/fpu\libc_nano.a(lib_a-memcpy-stub.o)
                0x08008772                memcpy
 .text.memset   0x08008788       0x10 c:/program files (x86)/atollic/truestudio for stm32 9.3.0/armtools/bin/../lib/gcc/arm-atollic-eabi/6.3.1/../../../../arm-atollic-eabi/lib/armv7e-m/fpu\libc_nano.a(lib_a-memset.o)
                0x08008788                memset
 .text.printf   0x08008798       0x30 c:/program files (x86)/atollic/truestudio for stm32 9.3.0/armtools/bin/../lib/gcc/arm-atollic-eabi/6.3.1/../../../../arm-atollic-eabi/lib/armv7e-m/fpu\libc_nano.a(lib_a-printf.o)
                0x08008798                iprintf
                0x08008798                printf
 .text._puts_r  0x080087c8       0xb8 c:/program files (x86)/atollic/truestudio for stm32 9.3.0/armtools/bin/../lib/gcc/arm-atollic-eabi/6.3.1/../../../../arm-atollic-eabi/lib/armv7e-m/fpu\libc_nano.a(lib_a-puts.o)
                0x080087c8                _puts_r
 .text.puts     0x08008880       0x10 c:/program files (x86)/atollic/truestudio for stm32 9.3.0/armtools/bin/../lib/gcc/arm-atollic-eabi/6.3.1/../../../../arm-atollic-eabi/lib/armv7e-m/fpu\libc_nano.a(lib_a-puts.o)
                0x08008880                puts
 .text.sprintf  0x08008890       0x48 c:/program files (x86)/atollic/truestudio for stm32 9.3.0/armtools/bin/../lib/gcc/arm-atollic-eabi/6.3.1/../../../../arm-atollic-eabi/lib/armv7e-m/fpu\libc_nano.a(lib_a-sprintf.o)
                0x08008890                siprintf
                0x08008890                sprintf
 .text.strcpy   0x080088d8       0x10 c:/program files (x86)/atollic/truestudio for stm32 9.3.0/armtools/bin/../lib/gcc/arm-atollic-eabi/6.3.1/../../../../arm-atollic-eabi/lib/armv7e-m/fpu\libc_nano.a(lib_a-strcpy.o)
                0x080088d8                strcpy
 .text.__swbuf_r
                0x080088e8       0xa4 c:/program files (x86)/atollic/truestudio for stm32 9.3.0/armtools/bin/../lib/gcc/arm-atollic-eabi/6.3.1/../../../../arm-atollic-eabi/lib/armv7e-m/fpu\libc_nano.a(lib_a-wbuf.o)
                0x080088e8                __swbuf_r
 .text.__swsetup_r
                0x0800898c       0xdc c:/program files (x86)/atollic/truestudio for stm32 9.3.0/armtools/bin/../lib/gcc/arm-atollic-eabi/6.3.1/../../../../arm-atollic-eabi/lib/armv7e-m/fpu\libc_nano.a(lib_a-wsetup.o)
                0x0800898c                __swsetup_r
 .text.__sflush_r
                0x08008a68      0x110 c:/program files (x86)/atollic/truestudio for stm32 9.3.0/armtools/bin/../lib/gcc/arm-atollic-eabi/6.3.1/../../../../arm-atollic-eabi/lib/armv7e-m/fpu\libc_nano.a(lib_a-fflush.o)
                0x08008a68                __sflush_r
 .text._fflush_r
                0x08008b78       0x54 c:/program files (x86)/atollic/truestudio for stm32 9.3.0/armtools/bin/../lib/gcc/arm-atollic-eabi/6.3.1/../../../../arm-atollic-eabi/lib/armv7e-m/fpu\libc_nano.a(lib_a-fflush.o)
                0x08008b78                _fflush_r
 .text._cleanup_r
                0x08008bcc        0xc c:/program files (x86)/atollic/truestudio for stm32 9.3.0/armtools/bin/../lib/gcc/arm-atollic-eabi/6.3.1/../../../../arm-atollic-eabi/lib/armv7e-m/fpu\libc_nano.a(lib_a-findfp.o)
                0x08008bcc                _cleanup_r
 .text.std.isra.0
                0x08008bd8       0x48 c:/program files (x86)/atollic/truestudio for stm32 9.3.0/armtools/bin/../lib/gcc/arm-atollic-eabi/6.3.1/../../../../arm-atollic-eabi/lib/armv7e-m/fpu\libc_nano.a(lib_a-findfp.o)
 .text.__sfmoreglue
                0x08008c20       0x2c c:/program files (x86)/atollic/truestudio for stm32 9.3.0/armtools/bin/../lib/gcc/arm-atollic-eabi/6.3.1/../../../../arm-atollic-eabi/lib/armv7e-m/fpu\libc_nano.a(lib_a-findfp.o)
                0x08008c20                __sfmoreglue
 .text.__sinit  0x08008c4c       0x60 c:/program files (x86)/atollic/truestudio for stm32 9.3.0/armtools/bin/../lib/gcc/arm-atollic-eabi/6.3.1/../../../../arm-atollic-eabi/lib/armv7e-m/fpu\libc_nano.a(lib_a-findfp.o)
                0x08008c4c                __sinit
 .text.__sfp    0x08008cac       0x78 c:/program files (x86)/atollic/truestudio for stm32 9.3.0/armtools/bin/../lib/gcc/arm-atollic-eabi/6.3.1/../../../../arm-atollic-eabi/lib/armv7e-m/fpu\libc_nano.a(lib_a-findfp.o)
                0x08008cac                __sfp
 .text._fwalk_reent
                0x08008d24       0x3c c:/program files (x86)/atollic/truestudio for stm32 9.3.0/armtools/bin/../lib/gcc/arm-atollic-eabi/6.3.1/../../../../arm-atollic-eabi/lib/armv7e-m/fpu\libc_nano.a(lib_a-fwalk.o)
                0x08008d24                _fwalk_reent
 .text.__swhatbuf_r
                0x08008d60       0x48 c:/program files (x86)/atollic/truestudio for stm32 9.3.0/armtools/bin/../lib/gcc/arm-atollic-eabi/6.3.1/../../../../arm-atollic-eabi/lib/armv7e-m/fpu\libc_nano.a(lib_a-makebuf.o)
                0x08008d60                __swhatbuf_r
 .text.__smakebuf_r
                0x08008da8       0x80 c:/program files (x86)/atollic/truestudio for stm32 9.3.0/armtools/bin/../lib/gcc/arm-atollic-eabi/6.3.1/../../../../arm-atollic-eabi/lib/armv7e-m/fpu\libc_nano.a(lib_a-makebuf.o)
                0x08008da8                __smakebuf_r
 .text._free_r  0x08008e28       0x9c c:/program files (x86)/atollic/truestudio for stm32 9.3.0/armtools/bin/../lib/gcc/arm-atollic-eabi/6.3.1/../../../../arm-atollic-eabi/lib/armv7e-m/fpu\libc_nano.a(lib_a-nano-freer.o)
                0x08008e28                _free_r
 .text._malloc_r
                0x08008ec4       0xbc c:/program files (x86)/atollic/truestudio for stm32 9.3.0/armtools/bin/../lib/gcc/arm-atollic-eabi/6.3.1/../../../../arm-atollic-eabi/lib/armv7e-m/fpu\libc_nano.a(lib_a-nano-mallocr.o)
                0x08008ec4                _malloc_r
 .text.__ssputs_r
                0x08008f80       0xb6 c:/program files (x86)/atollic/truestudio for stm32 9.3.0/armtools/bin/../lib/gcc/arm-atollic-eabi/6.3.1/../../../../arm-atollic-eabi/lib/armv7e-m/fpu\libc_nano.a(lib_a-nano-svfprintf.o)
                0x08008f80                __ssputs_r
 *fill*         0x08009036        0x2 
 .text._svfprintf_r
                0x08009038      0x1e8 c:/program files (x86)/atollic/truestudio for stm32 9.3.0/armtools/bin/../lib/gcc/arm-atollic-eabi/6.3.1/../../../../arm-atollic-eabi/lib/armv7e-m/fpu\libc_nano.a(lib_a-nano-svfprintf.o)
                0x08009038                _svfiprintf_r
                0x08009038                _svfprintf_r
 .text.__sfputc_r
                0x08009220       0x30 c:/program files (x86)/atollic/truestudio for stm32 9.3.0/armtools/bin/../lib/gcc/arm-atollic-eabi/6.3.1/../../../../arm-atollic-eabi/lib/armv7e-m/fpu\libc_nano.a(lib_a-nano-vfprintf.o)
 .text.__sfputs_r
                0x08009250       0x24 c:/program files (x86)/atollic/truestudio for stm32 9.3.0/armtools/bin/../lib/gcc/arm-atollic-eabi/6.3.1/../../../../arm-atollic-eabi/lib/armv7e-m/fpu\libc_nano.a(lib_a-nano-vfprintf.o)
                0x08009250                __sfputs_r
 .text._vfprintf_r
                0x08009274      0x22c c:/program files (x86)/atollic/truestudio for stm32 9.3.0/armtools/bin/../lib/gcc/arm-atollic-eabi/6.3.1/../../../../arm-atollic-eabi/lib/armv7e-m/fpu\libc_nano.a(lib_a-nano-vfprintf.o)
                0x08009274                _vfprintf_r
                0x08009274                _vfiprintf_r
 .text._printf_common
                0x080094a0       0xec c:/program files (x86)/atollic/truestudio for stm32 9.3.0/armtools/bin/../lib/gcc/arm-atollic-eabi/6.3.1/../../../../arm-atollic-eabi/lib/armv7e-m/fpu\libc_nano.a(lib_a-nano-vfprintf_i.o)
                0x080094a0                _printf_common
 .text._printf_i
                0x0800958c      0x240 c:/program files (x86)/atollic/truestudio for stm32 9.3.0/armtools/bin/../lib/gcc/arm-atollic-eabi/6.3.1/../../../../arm-atollic-eabi/lib/armv7e-m/fpu\libc_nano.a(lib_a-nano-vfprintf_i.o)
                0x0800958c                _printf_i
 .text._sbrk_r  0x080097cc       0x20 c:/program files (x86)/atollic/truestudio for stm32 9.3.0/armtools/bin/../lib/gcc/arm-atollic-eabi/6.3.1/../../../../arm-atollic-eabi/lib/armv7e-m/fpu\libc_nano.a(lib_a-sbrkr.o)
                0x080097cc                _sbrk_r
 .text.__sread  0x080097ec       0x22 c:/program files (x86)/atollic/truestudio for stm32 9.3.0/armtools/bin/../lib/gcc/arm-atollic-eabi/6.3.1/../../../../arm-atollic-eabi/lib/armv7e-m/fpu\libc_nano.a(lib_a-stdio.o)
                0x080097ec                __sread
 .text.__swrite
                0x0800980e       0x38 c:/program files (x86)/atollic/truestudio for stm32 9.3.0/armtools/bin/../lib/gcc/arm-atollic-eabi/6.3.1/../../../../arm-atollic-eabi/lib/armv7e-m/fpu\libc_nano.a(lib_a-stdio.o)
                0x0800980e                __swrite
 .text.__sseek  0x08009846       0x24 c:/program files (x86)/atollic/truestudio for stm32 9.3.0/armtools/bin/../lib/gcc/arm-atollic-eabi/6.3.1/../../../../arm-atollic-eabi/lib/armv7e-m/fpu\libc_nano.a(lib_a-stdio.o)
                0x08009846                __sseek
 .text.__sclose
                0x0800986a        0x8 c:/program files (x86)/atollic/truestudio for stm32 9.3.0/armtools/bin/../lib/gcc/arm-atollic-eabi/6.3.1/../../../../arm-atollic-eabi/lib/armv7e-m/fpu\libc_nano.a(lib_a-stdio.o)
                0x0800986a                __sclose
 *fill*         0x08009872        0x2 
 .text._write_r
                0x08009874       0x24 c:/program files (x86)/atollic/truestudio for stm32 9.3.0/armtools/bin/../lib/gcc/arm-atollic-eabi/6.3.1/../../../../arm-atollic-eabi/lib/armv7e-m/fpu\libc_nano.a(lib_a-writer.o)
                0x08009874                _write_r
 .text._close_r
                0x08009898       0x20 c:/program files (x86)/atollic/truestudio for stm32 9.3.0/armtools/bin/../lib/gcc/arm-atollic-eabi/6.3.1/../../../../arm-atollic-eabi/lib/armv7e-m/fpu\libc_nano.a(lib_a-closer.o)
                0x08009898                _close_r
 .text._fstat_r
                0x080098b8       0x24 c:/program files (x86)/atollic/truestudio for stm32 9.3.0/armtools/bin/../lib/gcc/arm-atollic-eabi/6.3.1/../../../../arm-atollic-eabi/lib/armv7e-m/fpu\libc_nano.a(lib_a-fstatr.o)
                0x080098b8                _fstat_r
 .text._isatty_r
                0x080098dc       0x20 c:/program files (x86)/atollic/truestudio for stm32 9.3.0/armtools/bin/../lib/gcc/arm-atollic-eabi/6.3.1/../../../../arm-atollic-eabi/lib/armv7e-m/fpu\libc_nano.a(lib_a-isattyr.o)
                0x080098dc                _isatty_r
 .text._lseek_r
                0x080098fc       0x24 c:/program files (x86)/atollic/truestudio for stm32 9.3.0/armtools/bin/../lib/gcc/arm-atollic-eabi/6.3.1/../../../../arm-atollic-eabi/lib/armv7e-m/fpu\libc_nano.a(lib_a-lseekr.o)
                0x080098fc                _lseek_r
 .text.memmove  0x08009920       0x34 c:/program files (x86)/atollic/truestudio for stm32 9.3.0/armtools/bin/../lib/gcc/arm-atollic-eabi/6.3.1/../../../../arm-atollic-eabi/lib/armv7e-m/fpu\libc_nano.a(lib_a-memmove.o)
                0x08009920                memmove
 .text.__malloc_lock
                0x08009954        0x2 c:/program files (x86)/atollic/truestudio for stm32 9.3.0/armtools/bin/../lib/gcc/arm-atollic-eabi/6.3.1/../../../../arm-atollic-eabi/lib/armv7e-m/fpu\libc_nano.a(lib_a-mlock.o)
                0x08009954                __malloc_lock
 .text.__malloc_unlock
                0x08009956        0x2 c:/program files (x86)/atollic/truestudio for stm32 9.3.0/armtools/bin/../lib/gcc/arm-atollic-eabi/6.3.1/../../../../arm-atollic-eabi/lib/armv7e-m/fpu\libc_nano.a(lib_a-mlock.o)
                0x08009956                __malloc_unlock
 .text._realloc_r
                0x08009958       0x4c c:/program files (x86)/atollic/truestudio for stm32 9.3.0/armtools/bin/../lib/gcc/arm-atollic-eabi/6.3.1/../../../../arm-atollic-eabi/lib/armv7e-m/fpu\libc_nano.a(lib_a-nano-reallocr.o)
                0x08009958                _realloc_r
 .text._read_r  0x080099a4       0x24 c:/program files (x86)/atollic/truestudio for stm32 9.3.0/armtools/bin/../lib/gcc/arm-atollic-eabi/6.3.1/../../../../arm-atollic-eabi/lib/armv7e-m/fpu\libc_nano.a(lib_a-readr.o)
                0x080099a4                _read_r
 .text._malloc_usable_size_r
                0x080099c8       0x12 c:/program files (x86)/atollic/truestudio for stm32 9.3.0/armtools/bin/../lib/gcc/arm-atollic-eabi/6.3.1/../../../../arm-atollic-eabi/lib/armv7e-m/fpu\libc_nano.a(lib_a-nano-msizer.o)
                0x080099c8                _malloc_usable_size_r
 *fill*         0x080099da        0x2 
 .text.tanhf    0x080099dc       0xa4 c:/program files (x86)/atollic/truestudio for stm32 9.3.0/armtools/bin/../lib/gcc/arm-atollic-eabi/6.3.1/../../../../arm-atollic-eabi/lib/armv7e-m/fpu\libm.a(lib_a-sf_tanh.o)
                0x080099dc                tanhf
 .text.expf     0x08009a80       0xf4 c:/program files (x86)/atollic/truestudio for stm32 9.3.0/armtools/bin/../lib/gcc/arm-atollic-eabi/6.3.1/../../../../arm-atollic-eabi/lib/armv7e-m/fpu\libm.a(lib_a-wf_exp.o)
                0x08009a80                expf
 .text.powf     0x08009b74      0x2f8 c:/program files (x86)/atollic/truestudio for stm32 9.3.0/armtools/bin/../lib/gcc/arm-atollic-eabi/6.3.1/../../../../arm-atollic-eabi/lib/armv7e-m/fpu\libm.a(lib_a-wf_pow.o)
                0x08009b74                powf
 .text.__ieee754_expf
                0x08009e6c      0x1a8 c:/program files (x86)/atollic/truestudio for stm32 9.3.0/armtools/bin/../lib/gcc/arm-atollic-eabi/6.3.1/../../../../arm-atollic-eabi/lib/armv7e-m/fpu\libm.a(lib_a-ef_exp.o)
                0x08009e6c                __ieee754_expf
 .text.__ieee754_powf
                0x0800a014      0x584 c:/program files (x86)/atollic/truestudio for stm32 9.3.0/armtools/bin/../lib/gcc/arm-atollic-eabi/6.3.1/../../../../arm-atollic-eabi/lib/armv7e-m/fpu\libm.a(lib_a-ef_pow.o)
                0x0800a014                __ieee754_powf
 .text.__ieee754_sqrtf
                0x0800a598       0x8e c:/program files (x86)/atollic/truestudio for stm32 9.3.0/armtools/bin/../lib/gcc/arm-atollic-eabi/6.3.1/../../../../arm-atollic-eabi/lib/armv7e-m/fpu\libm.a(lib_a-ef_sqrt.o)
                0x0800a598                __ieee754_sqrtf
 .text.matherr  0x0800a626        0x4 c:/program files (x86)/atollic/truestudio for stm32 9.3.0/armtools/bin/../lib/gcc/arm-atollic-eabi/6.3.1/../../../../arm-atollic-eabi/lib/armv7e-m/fpu\libm.a(lib_a-s_matherr.o)
                0x0800a626                matherr
 *fill*         0x0800a62a        0x2 
 .text.rint     0x0800a62c      0x110 c:/program files (x86)/atollic/truestudio for stm32 9.3.0/armtools/bin/../lib/gcc/arm-atollic-eabi/6.3.1/../../../../arm-atollic-eabi/lib/armv7e-m/fpu\libm.a(lib_a-s_rint.o)
                0x0800a62c                rint
 .text.expm1f   0x0800a73c      0x258 c:/program files (x86)/atollic/truestudio for stm32 9.3.0/armtools/bin/../lib/gcc/arm-atollic-eabi/6.3.1/../../../../arm-atollic-eabi/lib/armv7e-m/fpu\libm.a(lib_a-sf_expm1.o)
                0x0800a73c                expm1f
 .text.fabsf    0x0800a994        0xe c:/program files (x86)/atollic/truestudio for stm32 9.3.0/armtools/bin/../lib/gcc/arm-atollic-eabi/6.3.1/../../../../arm-atollic-eabi/lib/armv7e-m/fpu\libm.a(lib_a-sf_fabs.o)
                0x0800a994                fabsf
 .text.finitef  0x0800a9a2       0x14 c:/program files (x86)/atollic/truestudio for stm32 9.3.0/armtools/bin/../lib/gcc/arm-atollic-eabi/6.3.1/../../../../arm-atollic-eabi/lib/armv7e-m/fpu\libm.a(lib_a-sf_finite.o)
                0x0800a9a2                finitef
 *fill*         0x0800a9b6        0x2 
 .text.nanf     0x0800a9b8        0xc c:/program files (x86)/atollic/truestudio for stm32 9.3.0/armtools/bin/../lib/gcc/arm-atollic-eabi/6.3.1/../../../../arm-atollic-eabi/lib/armv7e-m/fpu\libm.a(lib_a-sf_nan.o)
                0x0800a9b8                nanf
 .text.scalbnf  0x0800a9c4       0xc0 c:/program files (x86)/atollic/truestudio for stm32 9.3.0/armtools/bin/../lib/gcc/arm-atollic-eabi/6.3.1/../../../../arm-atollic-eabi/lib/armv7e-m/fpu\libm.a(lib_a-sf_scalbn.o)
                0x0800a9c4                scalbnf
 .text.copysignf
                0x0800aa84       0x18 c:/program files (x86)/atollic/truestudio for stm32 9.3.0/armtools/bin/../lib/gcc/arm-atollic-eabi/6.3.1/../../../../arm-atollic-eabi/lib/armv7e-m/fpu\libm.a(lib_a-sf_copysign.o)
                0x0800aa84                copysignf
 *(.glue_7)
 .glue_7        0x0800aa9c        0x0 linker stubs
 *(.glue_7t)
 .glue_7t       0x0800aa9c        0x0 linker stubs
 *(.eh_frame)
 .eh_frame      0x0800aa9c        0x0 c:/program files (x86)/atollic/truestudio for stm32 9.3.0/armtools/bin/../lib/gcc/arm-atollic-eabi/6.3.1/armv7e-m/fpu/crtbegin.o
 *(.init)
 .init          0x0800aa9c        0x4 c:/program files (x86)/atollic/truestudio for stm32 9.3.0/armtools/bin/../lib/gcc/arm-atollic-eabi/6.3.1/armv7e-m/fpu/crti.o
                0x0800aa9c                _init
 .init          0x0800aaa0        0x8 c:/program files (x86)/atollic/truestudio for stm32 9.3.0/armtools/bin/../lib/gcc/arm-atollic-eabi/6.3.1/armv7e-m/fpu/crtn.o
 *(.fini)
 .fini          0x0800aaa8        0x4 c:/program files (x86)/atollic/truestudio for stm32 9.3.0/armtools/bin/../lib/gcc/arm-atollic-eabi/6.3.1/armv7e-m/fpu/crti.o
                0x0800aaa8                _fini
 .fini          0x0800aaac        0x8 c:/program files (x86)/atollic/truestudio for stm32 9.3.0/armtools/bin/../lib/gcc/arm-atollic-eabi/6.3.1/armv7e-m/fpu/crtn.o
                0x0800aab4                . = ALIGN (0x4)
                0x0800aab4                _etext = .

.vfp11_veneer   0x0800aab4        0x0
 .vfp11_veneer  0x0800aab4        0x0 linker stubs

.v4_bx          0x0800aab4        0x0
 .v4_bx         0x0800aab4        0x0 linker stubs

.iplt           0x0800aab4        0x0
 .iplt          0x0800aab4        0x0 c:/program files (x86)/atollic/truestudio for stm32 9.3.0/armtools/bin/../lib/gcc/arm-atollic-eabi/6.3.1/armv7e-m/fpu/crtbegin.o

.rodata         0x0800aab8   0x136db8
                0x0800aab8                . = ALIGN (0x4)
 *(.rodata)
 *(.rodata*)
 .rodata.GPIO_PIN
                0x0800aab8        0x4 Drivers\BSP\STM32F429I_DISCO\stm32f429i_discovery.o
                0x0800aab8                GPIO_PIN
 .rodata.flagBitshiftOffset.8588
                0x0800aabc        0x8 Drivers\STM32F4xx_HAL_Driver\Src\stm32f4xx_hal_dma.o
 .rodata.Font12_Table
                0x0800aac4      0x474 Drivers\Utilities\Fonts\font12.o
                0x0800aac4                Font12_Table
 .rodata.Font16_Table
                0x0800af38      0xbe0 Drivers\Utilities\Fonts\font16.o
                0x0800af38                Font16_Table
 .rodata.Font24_Table
                0x0800bb18     0x1ab8 Drivers\Utilities\Fonts\font24.o
                0x0800bb18                Font24_Table
 .rodata.s_network_weights.5391
                0x0800d5d0   0x134028 Middlewares\ST\AI\AI\data\network_data.o
 .rodata.ai_network_get_info.str1.1
                0x081415f8       0x5e Middlewares\ST\AI\AI\src\network.o
 *fill*         0x08141656        0x2 
 .rodata.conv2d_1_chain
                0x08141658        0x4 Middlewares\ST\AI\AI\src\network.o
 .rodata.conv2d_2_chain
                0x0814165c        0x4 Middlewares\ST\AI\AI\src\network.o
 .rodata.dense_1_chain
                0x08141660        0x4 Middlewares\ST\AI\AI\src\network.o
 .rodata.dense_1_nl_chain
                0x08141664        0x4 Middlewares\ST\AI\AI\src\network.o
 .rodata.dense_2_chain
                0x08141668        0x4 Middlewares\ST\AI\AI\src\network.o
 .rodata.dense_2_nl_chain
                0x0814166c        0x4 Middlewares\ST\AI\AI\src\network.o
 .rodata.Draw_Menu.str1.1
                0x08141670       0x1c Src\main.o
 .rodata.main.str1.1
                0x0814168c       0x6b Src\main.o
 .rodata.AHBPrescTable
                0x081416f7       0x10 Src\system_stm32f4xx.o
                0x081416f7                AHBPrescTable
 .rodata.APBPrescTable
                0x08141707        0x8 Src\system_stm32f4xx.o
                0x08141707                APBPrescTable
 .rodata.Touchscreen_Calibration.str1.1
                0x0814170f       0x7a Src\ts_calibration.o
 *fill*         0x08141789        0x3 
 .rodata._global_impure_ptr
                0x0814178c        0x4 c:/program files (x86)/atollic/truestudio for stm32 9.3.0/armtools/bin/../lib/gcc/arm-atollic-eabi/6.3.1/../../../../arm-atollic-eabi/lib/armv7e-m/fpu\libc_nano.a(lib_a-impure.o)
                0x0814178c                _global_impure_ptr
 .rodata.__sf_fake_stderr
                0x08141790       0x20 c:/program files (x86)/atollic/truestudio for stm32 9.3.0/armtools/bin/../lib/gcc/arm-atollic-eabi/6.3.1/../../../../arm-atollic-eabi/lib/armv7e-m/fpu\libc_nano.a(lib_a-findfp.o)
                0x08141790                __sf_fake_stderr
 .rodata.__sf_fake_stdin
                0x081417b0       0x20 c:/program files (x86)/atollic/truestudio for stm32 9.3.0/armtools/bin/../lib/gcc/arm-atollic-eabi/6.3.1/../../../../arm-atollic-eabi/lib/armv7e-m/fpu\libc_nano.a(lib_a-findfp.o)
                0x081417b0                __sf_fake_stdin
 .rodata.__sf_fake_stdout
                0x081417d0       0x20 c:/program files (x86)/atollic/truestudio for stm32 9.3.0/armtools/bin/../lib/gcc/arm-atollic-eabi/6.3.1/../../../../arm-atollic-eabi/lib/armv7e-m/fpu\libc_nano.a(lib_a-findfp.o)
                0x081417d0                __sf_fake_stdout
 .rodata._svfprintf_r.str1.1
                0x081417f0       0x11 c:/program files (x86)/atollic/truestudio for stm32 9.3.0/armtools/bin/../lib/gcc/arm-atollic-eabi/6.3.1/../../../../arm-atollic-eabi/lib/armv7e-m/fpu\libc_nano.a(lib_a-nano-svfprintf.o)
 .rodata._vfprintf_r.str1.1
                0x08141801       0x11 c:/program files (x86)/atollic/truestudio for stm32 9.3.0/armtools/bin/../lib/gcc/arm-atollic-eabi/6.3.1/../../../../arm-atollic-eabi/lib/armv7e-m/fpu\libc_nano.a(lib_a-nano-vfprintf.o)
 .rodata._printf_i.str1.1
                0x08141801       0x22 c:/program files (x86)/atollic/truestudio for stm32 9.3.0/armtools/bin/../lib/gcc/arm-atollic-eabi/6.3.1/../../../../arm-atollic-eabi/lib/armv7e-m/fpu\libc_nano.a(lib_a-nano-vfprintf_i.o)
 .rodata.expf.str1.1
                0x08141823        0x5 c:/program files (x86)/atollic/truestudio for stm32 9.3.0/armtools/bin/../lib/gcc/arm-atollic-eabi/6.3.1/../../../../arm-atollic-eabi/lib/armv7e-m/fpu\libm.a(lib_a-wf_exp.o)
 .rodata.powf.str1.1
                0x08141828        0x5 c:/program files (x86)/atollic/truestudio for stm32 9.3.0/armtools/bin/../lib/gcc/arm-atollic-eabi/6.3.1/../../../../arm-atollic-eabi/lib/armv7e-m/fpu\libm.a(lib_a-wf_pow.o)
 *fill*         0x0814182d        0x3 
 .rodata.halF   0x08141830        0x8 c:/program files (x86)/atollic/truestudio for stm32 9.3.0/armtools/bin/../lib/gcc/arm-atollic-eabi/6.3.1/../../../../arm-atollic-eabi/lib/armv7e-m/fpu\libm.a(lib_a-ef_exp.o)
 .rodata.ln2HI  0x08141838        0x8 c:/program files (x86)/atollic/truestudio for stm32 9.3.0/armtools/bin/../lib/gcc/arm-atollic-eabi/6.3.1/../../../../arm-atollic-eabi/lib/armv7e-m/fpu\libm.a(lib_a-ef_exp.o)
 .rodata.ln2LO  0x08141840        0x8 c:/program files (x86)/atollic/truestudio for stm32 9.3.0/armtools/bin/../lib/gcc/arm-atollic-eabi/6.3.1/../../../../arm-atollic-eabi/lib/armv7e-m/fpu\libm.a(lib_a-ef_exp.o)
 .rodata.__ieee754_powf.str1.1
                0x08141848        0x5 c:/program files (x86)/atollic/truestudio for stm32 9.3.0/armtools/bin/../lib/gcc/arm-atollic-eabi/6.3.1/../../../../arm-atollic-eabi/lib/armv7e-m/fpu\libm.a(lib_a-ef_pow.o)
                                  0x1 (size before relaxing)
 .rodata.bp     0x08141848        0x8 c:/program files (x86)/atollic/truestudio for stm32 9.3.0/armtools/bin/../lib/gcc/arm-atollic-eabi/6.3.1/../../../../arm-atollic-eabi/lib/armv7e-m/fpu\libm.a(lib_a-ef_pow.o)
 .rodata.dp_h   0x08141850        0x8 c:/program files (x86)/atollic/truestudio for stm32 9.3.0/armtools/bin/../lib/gcc/arm-atollic-eabi/6.3.1/../../../../arm-atollic-eabi/lib/armv7e-m/fpu\libm.a(lib_a-ef_pow.o)
 .rodata.dp_l   0x08141858        0x8 c:/program files (x86)/atollic/truestudio for stm32 9.3.0/armtools/bin/../lib/gcc/arm-atollic-eabi/6.3.1/../../../../arm-atollic-eabi/lib/armv7e-m/fpu\libm.a(lib_a-ef_pow.o)
 .rodata.TWO52  0x08141860       0x10 c:/program files (x86)/atollic/truestudio for stm32 9.3.0/armtools/bin/../lib/gcc/arm-atollic-eabi/6.3.1/../../../../arm-atollic-eabi/lib/armv7e-m/fpu\libm.a(lib_a-s_rint.o)
                0x08141870                . = ALIGN (0x4)

.ARM.extab
 *(.ARM.extab* .gnu.linkonce.armextab.*)

.ARM            0x08141870        0x8
                0x08141870                __exidx_start = .
 *(.ARM.exidx*)
 .ARM.exidx     0x08141870        0x8 c:/program files (x86)/atollic/truestudio for stm32 9.3.0/armtools/bin/../lib/gcc/arm-atollic-eabi/6.3.1/armv7e-m/fpu\libgcc.a(_udivmoddi4.o)
                0x08141878                __exidx_end = .

.rel.dyn        0x08141878        0x0
 .rel.iplt      0x08141878        0x0 c:/program files (x86)/atollic/truestudio for stm32 9.3.0/armtools/bin/../lib/gcc/arm-atollic-eabi/6.3.1/armv7e-m/fpu/crtbegin.o

.preinit_array  0x08141878        0x0
                0x08141878                PROVIDE (__preinit_array_start, .)
 *(.preinit_array*)
                0x08141878                PROVIDE (__preinit_array_end, .)

.init_array     0x08141878        0x4
                0x08141878                PROVIDE (__init_array_start, .)
 *(SORT(.init_array.*))
 *(.init_array*)
 .init_array    0x08141878        0x4 c:/program files (x86)/atollic/truestudio for stm32 9.3.0/armtools/bin/../lib/gcc/arm-atollic-eabi/6.3.1/armv7e-m/fpu/crtbegin.o
                0x0814187c                PROVIDE (__init_array_end, .)

.fini_array     0x0814187c        0x4
                [!provide]                PROVIDE (__fini_array_start, .)
 *(SORT(.fini_array.*))
 *(.fini_array*)
 .fini_array    0x0814187c        0x4 c:/program files (x86)/atollic/truestudio for stm32 9.3.0/armtools/bin/../lib/gcc/arm-atollic-eabi/6.3.1/armv7e-m/fpu/crtbegin.o
                [!provide]                PROVIDE (__fini_array_end, .)
                0x08141880                _sidata = LOADADDR (.data)

.data           0x20000000      0x678 load address 0x08141880
                0x20000000                . = ALIGN (0x4)
                0x20000000                _sdata = .
 *(.data)
 *(.data*)
 .data.ili9341_drv
                0x20000000       0x38 Drivers\BSP\Components\ili9341.o
                0x20000000                ili9341_drv
 .data.stmpe811_ts_drv
                0x20000038       0x28 Drivers\BSP\Components\stmpe811.o
                0x20000038                stmpe811_ts_drv
 .data.GPIO_PORT
                0x20000060        0x8 Drivers\BSP\STM32F429I_DISCO\stm32f429i_discovery.o
                0x20000060                GPIO_PORT
 .data.I2cxTimeout
                0x20000068        0x4 Drivers\BSP\STM32F429I_DISCO\stm32f429i_discovery.o
                0x20000068                I2cxTimeout
 .data.SpixTimeout
                0x2000006c        0x4 Drivers\BSP\STM32F429I_DISCO\stm32f429i_discovery.o
                0x2000006c                SpixTimeout
 .data.sdramstatus.8530
                0x20000070        0x1 Drivers\BSP\STM32F429I_DISCO\stm32f429i_discovery_sdram.o
 .data.uwTickFreq
                0x20000071        0x1 Drivers\STM32F4xx_HAL_Driver\Src\stm32f4xx_hal.o
                0x20000071                uwTickFreq
 *fill*         0x20000072        0x2 
 .data.uwTickPrio
                0x20000074        0x4 Drivers\STM32F4xx_HAL_Driver\Src\stm32f4xx_hal.o
                0x20000074                uwTickPrio
 .data.Font12   0x20000078        0x8 Drivers\Utilities\Fonts\font12.o
                0x20000078                Font12
 .data.Font16   0x20000080        0x8 Drivers\Utilities\Fonts\font16.o
                0x20000080                Font16
 .data.Font24   0x20000088        0x8 Drivers\Utilities\Fonts\font24.o
                0x20000088                Font24
 .data.__compound_literal.0
                0x20000090        0x8 Middlewares\ST\AI\AI\src\network.o
 .data.__compound_literal.1
                0x20000098        0x8 Middlewares\ST\AI\AI\src\network.o
 .data.__compound_literal.10
                0x200000a0        0x8 Middlewares\ST\AI\AI\src\network.o
 .data.__compound_literal.11
                0x200000a8        0x8 Middlewares\ST\AI\AI\src\network.o
 .data.__compound_literal.12
                0x200000b0        0xc Middlewares\ST\AI\AI\src\network.o
 .data.__compound_literal.14
                0x200000bc       0x10 Middlewares\ST\AI\AI\src\network.o
 .data.__compound_literal.15
                0x200000cc        0x8 Middlewares\ST\AI\AI\src\network.o
 .data.__compound_literal.16
                0x200000d4        0x8 Middlewares\ST\AI\AI\src\network.o
 .data.__compound_literal.19
                0x200000dc       0x10 Middlewares\ST\AI\AI\src\network.o
 .data.__compound_literal.2
                0x200000ec        0xc Middlewares\ST\AI\AI\src\network.o
 .data.__compound_literal.20
                0x200000f8        0x8 Middlewares\ST\AI\AI\src\network.o
 .data.__compound_literal.21
                0x20000100        0x8 Middlewares\ST\AI\AI\src\network.o
 .data.__compound_literal.22
                0x20000108        0xc Middlewares\ST\AI\AI\src\network.o
 .data.__compound_literal.24
                0x20000114       0x10 Middlewares\ST\AI\AI\src\network.o
 .data.__compound_literal.25
                0x20000124        0x8 Middlewares\ST\AI\AI\src\network.o
 .data.__compound_literal.26
                0x2000012c        0x8 Middlewares\ST\AI\AI\src\network.o
 .data.__compound_literal.29
                0x20000134       0x10 Middlewares\ST\AI\AI\src\network.o
 .data.__compound_literal.4
                0x20000144       0x10 Middlewares\ST\AI\AI\src\network.o
 .data.__compound_literal.5
                0x20000154        0x8 Middlewares\ST\AI\AI\src\network.o
 .data.__compound_literal.6
                0x2000015c        0x8 Middlewares\ST\AI\AI\src\network.o
 .data.__compound_literal.7
                0x20000164        0xc Middlewares\ST\AI\AI\src\network.o
 .data.__compound_literal.9
                0x20000170       0x10 Middlewares\ST\AI\AI\src\network.o
 .data.conv2d_1_bias
                0x20000180       0x24 Middlewares\ST\AI\AI\src\network.o
 .data.conv2d_1_bias_array
                0x200001a4       0x10 Middlewares\ST\AI\AI\src\network.o
 .data.conv2d_1_layer
                0x200001b4       0x30 Middlewares\ST\AI\AI\src\network.o
 .data.conv2d_1_output
                0x200001e4       0x24 Middlewares\ST\AI\AI\src\network.o
 .data.conv2d_1_output_array
                0x20000208       0x10 Middlewares\ST\AI\AI\src\network.o
 .data.conv2d_1_weights
                0x20000218       0x24 Middlewares\ST\AI\AI\src\network.o
 .data.conv2d_1_weights_array
                0x2000023c       0x10 Middlewares\ST\AI\AI\src\network.o
 .data.conv2d_2_bias
                0x2000024c       0x24 Middlewares\ST\AI\AI\src\network.o
 .data.conv2d_2_bias_array
                0x20000270       0x10 Middlewares\ST\AI\AI\src\network.o
 .data.conv2d_2_layer
                0x20000280       0x54 Middlewares\ST\AI\AI\src\network.o
 .data.conv2d_2_output_in
                0x200002d4       0x24 Middlewares\ST\AI\AI\src\network.o
 .data.conv2d_2_output_in_array
                0x200002f8       0x10 Middlewares\ST\AI\AI\src\network.o
 .data.conv2d_2_output_out
                0x20000308       0x24 Middlewares\ST\AI\AI\src\network.o
 .data.conv2d_2_output_out_array
                0x2000032c       0x10 Middlewares\ST\AI\AI\src\network.o
 .data.conv2d_2_weights
                0x2000033c       0x24 Middlewares\ST\AI\AI\src\network.o
 .data.conv2d_2_weights_array
                0x20000360       0x10 Middlewares\ST\AI\AI\src\network.o
 .data.dense_1_bias
                0x20000370       0x24 Middlewares\ST\AI\AI\src\network.o
 .data.dense_1_bias_array
                0x20000394       0x10 Middlewares\ST\AI\AI\src\network.o
 .data.dense_1_layer
                0x200003a4       0x18 Middlewares\ST\AI\AI\src\network.o
 .data.dense_1_nl_layer
                0x200003bc       0x18 Middlewares\ST\AI\AI\src\network.o
 .data.dense_1_nl_output
                0x200003d4       0x24 Middlewares\ST\AI\AI\src\network.o
 .data.dense_1_nl_output_array
                0x200003f8       0x10 Middlewares\ST\AI\AI\src\network.o
 .data.dense_1_output
                0x20000408       0x24 Middlewares\ST\AI\AI\src\network.o
 .data.dense_1_output_array
                0x2000042c       0x10 Middlewares\ST\AI\AI\src\network.o
 .data.dense_1_weights
                0x2000043c       0x24 Middlewares\ST\AI\AI\src\network.o
 .data.dense_1_weights_array
                0x20000460       0x10 Middlewares\ST\AI\AI\src\network.o
 .data.dense_2_bias
                0x20000470       0x24 Middlewares\ST\AI\AI\src\network.o
 .data.dense_2_bias_array
                0x20000494       0x10 Middlewares\ST\AI\AI\src\network.o
 .data.dense_2_layer
                0x200004a4       0x18 Middlewares\ST\AI\AI\src\network.o
 .data.dense_2_nl_layer
                0x200004bc       0x18 Middlewares\ST\AI\AI\src\network.o
 .data.dense_2_nl_output
                0x200004d4       0x24 Middlewares\ST\AI\AI\src\network.o
 .data.dense_2_nl_output_array
                0x200004f8       0x10 Middlewares\ST\AI\AI\src\network.o
 .data.dense_2_output
                0x20000508       0x24 Middlewares\ST\AI\AI\src\network.o
 .data.dense_2_output_array
                0x2000052c       0x10 Middlewares\ST\AI\AI\src\network.o
 .data.dense_2_weights
                0x2000053c       0x24 Middlewares\ST\AI\AI\src\network.o
 .data.dense_2_weights_array
                0x20000560       0x10 Middlewares\ST\AI\AI\src\network.o
 .data.g_network
                0x20000570       0x48 Middlewares\ST\AI\AI\src\network.o
 .data.input_0_output
                0x200005b8       0x24 Middlewares\ST\AI\AI\src\network.o
 .data.input_0_output_array
                0x200005dc       0x10 Middlewares\ST\AI\AI\src\network.o
 .data.input    0x200005ec       0x10 Src\app_x-cube-ai.o
 .data.output   0x200005fc       0x10 Src\app_x-cube-ai.o
 .data.SystemCoreClock
                0x2000060c        0x4 Src\system_stm32f4xx.o
                0x2000060c                SystemCoreClock
 .data._impure_ptr
                0x20000610        0x4 c:/program files (x86)/atollic/truestudio for stm32 9.3.0/armtools/bin/../lib/gcc/arm-atollic-eabi/6.3.1/../../../../arm-atollic-eabi/lib/armv7e-m/fpu\libc_nano.a(lib_a-impure.o)
                0x20000610                _impure_ptr
 .data.impure_data
                0x20000614       0x60 c:/program files (x86)/atollic/truestudio for stm32 9.3.0/armtools/bin/../lib/gcc/arm-atollic-eabi/6.3.1/../../../../arm-atollic-eabi/lib/armv7e-m/fpu\libc_nano.a(lib_a-impure.o)
 .data.__fdlib_version
                0x20000674        0x1 c:/program files (x86)/atollic/truestudio for stm32 9.3.0/armtools/bin/../lib/gcc/arm-atollic-eabi/6.3.1/../../../../arm-atollic-eabi/lib/armv7e-m/fpu\libm.a(lib_a-s_lib_ver.o)
                0x20000674                __fdlib_version
                0x20000678                . = ALIGN (0x4)
 *fill*         0x20000675        0x3 
                0x20000678                _edata = .
                0x08141ef8                _siccmram = LOADADDR (.ccmram)

.igot.plt       0x20000678        0x0 load address 0x08141ef8
 .igot.plt      0x20000678        0x0 c:/program files (x86)/atollic/truestudio for stm32 9.3.0/armtools/bin/../lib/gcc/arm-atollic-eabi/6.3.1/armv7e-m/fpu/crtbegin.o

.ccmram         0x10000000        0x0 load address 0x08141ef8
                0x10000000                . = ALIGN (0x4)
                0x10000000                _sccmram = .
 *(.ccmram)
 *(.ccmram*)
                0x10000000                . = ALIGN (0x4)
                0x10000000                _eccmram = .
                0x10000000                . = ALIGN (0x4)

.bss            0x20000678    0x291b8
                0x20000678                _sbss = .
                0x20000678                __bss_start__ = _sbss
 *(.bss)
 .bss           0x20000678       0x1c c:/program files (x86)/atollic/truestudio for stm32 9.3.0/armtools/bin/../lib/gcc/arm-atollic-eabi/6.3.1/armv7e-m/fpu/crtbegin.o
 *(.bss*)
 .bss.stmpe811  0x20000694        0x2 Drivers\BSP\Components\stmpe811.o
                0x20000694                stmpe811
 .bss.Is_LCD_IO_Initialized
                0x20000696        0x1 Drivers\BSP\STM32F429I_DISCO\stm32f429i_discovery.o
 *fill*         0x20000697        0x1 
 .bss.SpiHandle
                0x20000698       0x58 Drivers\BSP\STM32F429I_DISCO\stm32f429i_discovery.o
 .bss.ActiveLayer
                0x200006f0        0x4 Drivers\BSP\STM32F429I_DISCO\stm32f429i_discovery_lcd.o
 .bss.Dma2dHandler
                0x200006f4       0x40 Drivers\BSP\STM32F429I_DISCO\stm32f429i_discovery_lcd.o
 .bss.DrawProp  0x20000734       0x18 Drivers\BSP\STM32F429I_DISCO\stm32f429i_discovery_lcd.o
 .bss.PeriphClkInitStruct
                0x2000074c       0x30 Drivers\BSP\STM32F429I_DISCO\stm32f429i_discovery_lcd.o
 .bss.Command   0x2000077c       0x10 Drivers\BSP\STM32F429I_DISCO\stm32f429i_discovery_sdram.o
 .bss.SdramHandle
                0x2000078c       0x34 Drivers\BSP\STM32F429I_DISCO\stm32f429i_discovery_sdram.o
 .bss.Timing    0x200007c0       0x1c Drivers\BSP\STM32F429I_DISCO\stm32f429i_discovery_sdram.o
 .bss.dmaHandle.8565
                0x200007dc       0x60 Drivers\BSP\STM32F429I_DISCO\stm32f429i_discovery_sdram.o
 .bss.TsDrv     0x2000083c        0x4 Drivers\BSP\STM32F429I_DISCO\stm32f429i_discovery_ts.o
 .bss.TsXBoundary
                0x20000840        0x2 Drivers\BSP\STM32F429I_DISCO\stm32f429i_discovery_ts.o
 .bss.TsYBoundary
                0x20000842        0x2 Drivers\BSP\STM32F429I_DISCO\stm32f429i_discovery_ts.o
 .bss._x.8751   0x20000844        0x4 Drivers\BSP\STM32F429I_DISCO\stm32f429i_discovery_ts.o
 .bss._y.8752   0x20000848        0x4 Drivers\BSP\STM32F429I_DISCO\stm32f429i_discovery_ts.o
 .bss.__compound_literal.13
                0x2000084c        0x4 Middlewares\ST\AI\AI\src\network.o
 .bss.__compound_literal.17
                0x20000850        0x4 Middlewares\ST\AI\AI\src\network.o
 .bss.__compound_literal.18
                0x20000854        0x4 Middlewares\ST\AI\AI\src\network.o
 .bss.__compound_literal.23
                0x20000858        0x4 Middlewares\ST\AI\AI\src\network.o
 .bss.__compound_literal.27
                0x2000085c        0x4 Middlewares\ST\AI\AI\src\network.o
 .bss.__compound_literal.28
                0x20000860        0x4 Middlewares\ST\AI\AI\src\network.o
 .bss.__compound_literal.3
                0x20000864        0x4 Middlewares\ST\AI\AI\src\network.o
 .bss.__compound_literal.8
                0x20000868        0x4 Middlewares\ST\AI\AI\src\network.o
 .bss.activations
                0x2000086c    0x27204 Src\app_x-cube-ai.o
 .bss.network   0x20027a70        0x4 Src\app_x-cube-ai.o
 .bss.report    0x20027a74       0x7c Src\app_x-cube-ai.o
 .bss.TS_State  0x20027af0        0x8 Src\main.o
                0x20027af0                TS_State
 .bss.TS_State.10684
                0x20027af8        0x8 Src\main.o
 .bss.idx       0x20027b00        0x4 Src\main.o
                0x20027b00                idx
 .bss.x.10680   0x20027b04        0x4 Src\main.o
 .bss.y.10681   0x20027b08        0x4 Src\main.o
 .bss.heap_end.7010
                0x20027b0c        0x4 Src\syscalls.o
 .bss.A1        0x20027b10        0x2 Src\ts_calibration.o
 .bss.A2        0x20027b12        0x2 Src\ts_calibration.o
 .bss.B1        0x20027b14        0x2 Src\ts_calibration.o
 .bss.B2        0x20027b16        0x2 Src\ts_calibration.o
 .bss.Calibration_Done