stm32f4xx_hal_dma2d.c:1912:13:DMA2D_SetConfig	16	static
stm32f4xx_hal_dma2d.c:395:13:HAL_DMA2D_MspInit	0	static
stm32f4xx_hal_dma2d.c:237:19:HAL_DMA2D_Init	8	static
stm32f4xx_hal_dma2d.c:411:13:HAL_DMA2D_MspDeInit	0	static
stm32f4xx_hal_dma2d.c:665:19:HAL_DMA2D_Start	24	static
stm32f4xx_hal_dma2d.c:699:19:HAL_DMA2D_Start_IT	24	static
stm32f4xx_hal_dma2d.c:734:19:HAL_DMA2D_BlendingStart	24	static
stm32f4xx_hal_dma2d.c:769:19:HAL_DMA2D_BlendingStart_IT	24	static
stm32f4xx_hal_dma2d.c:802:19:HAL_DMA2D_Abort	16	static
stm32f4xx_hal_dma2d.c:851:19:HAL_DMA2D_Suspend	16	static
stm32f4xx_hal_dma2d.c:900:19:HAL_DMA2D_Resume	0	static
stm32f4xx_hal_dma2d.c:928:19:HAL_DMA2D_EnableCLUT	0	static
stm32f4xx_hal_dma2d.c:966:19:HAL_DMA2D_CLUTLoad	32	static
stm32f4xx_hal_dma2d.c:1020:19:HAL_DMA2D_CLUTLoad_IT	32	static
stm32f4xx_hal_dma2d.c:1078:19:HAL_DMA2D_CLUTLoading_Abort	16	static
stm32f4xx_hal_dma2d.c:305:19:HAL_DMA2D_DeInit	16	static
stm32f4xx_hal_dma2d.c:1135:19:HAL_DMA2D_CLUTLoading_Suspend	16	static
stm32f4xx_hal_dma2d.c:1196:19:HAL_DMA2D_CLUTLoading_Resume	0	static
stm32f4xx_hal_dma2d.c:1239:19:HAL_DMA2D_PollForTransfer	24	static
stm32f4xx_hal_dma2d.c:1537:13:HAL_DMA2D_LineEventCallback	0	static
stm32f4xx_hal_dma2d.c:1553:13:HAL_DMA2D_CLUTLoadingCpltCallback	0	static
stm32f4xx_hal_dma2d.c:1367:6:HAL_DMA2D_IRQHandler	16	static
stm32f4xx_hal_dma2d.c:1596:19:HAL_DMA2D_ConfigLayer	20	static
stm32f4xx_hal_dma2d.c:1687:19:HAL_DMA2D_ConfigCLUT	32	static
stm32f4xx_hal_dma2d.c:1741:19:HAL_DMA2D_ProgramLineEvent	0	static
stm32f4xx_hal_dma2d.c:1779:19:HAL_DMA2D_EnableDeadTime	0	static
stm32f4xx_hal_dma2d.c:1802:19:HAL_DMA2D_DisableDeadTime	0	static
stm32f4xx_hal_dma2d.c:1828:19:HAL_DMA2D_ConfigDeadTime	0	static
stm32f4xx_hal_dma2d.c:1873:24:HAL_DMA2D_GetState	0	static
stm32f4xx_hal_dma2d.c:1884:10:HAL_DMA2D_GetError	0	static
